Archive member included to satisfy reference by file (symbol)

../ch32v003fun/ch32fun/../misc/libgcc.a(div.o)
                              /tmp/tag_dump.elf.40UN7m.ltrans0.ltrans.o (__udivsi3)

Discarded input sections

 .text          0x0000000000000000        0x0 /tmp/tag_dump.elf.40UN7m.ltrans0.ltrans.o
 .data          0x0000000000000000        0x0 /tmp/tag_dump.elf.40UN7m.ltrans0.ltrans.o
 .bss           0x0000000000000000        0x0 /tmp/tag_dump.elf.40UN7m.ltrans0.ltrans.o
 .text._puts    0x0000000000000000       0x42 /tmp/tag_dump.elf.40UN7m.ltrans0.ltrans.o
 .text.putchar  0x0000000000000000       0x72 /tmp/tag_dump.elf.40UN7m.ltrans0.ltrans.o
 .text.memchr   0x0000000000000000       0x1c /tmp/tag_dump.elf.40UN7m.ltrans0.ltrans.o
 .text.memcmp   0x0000000000000000       0x26 /tmp/tag_dump.elf.40UN7m.ltrans0.ltrans.o
 .text.twoway_strstr
                0x0000000000000000      0x236 /tmp/tag_dump.elf.40UN7m.ltrans0.ltrans.o
 .text.memcpy   0x0000000000000000       0x1c /tmp/tag_dump.elf.40UN7m.ltrans0.ltrans.o
 .text.memmove  0x0000000000000000       0x6a /tmp/tag_dump.elf.40UN7m.ltrans0.ltrans.o
 .text.strncmp  0x0000000000000000       0x2e /tmp/tag_dump.elf.40UN7m.ltrans0.ltrans.o
 .text.strcmp   0x0000000000000000       0x1a /tmp/tag_dump.elf.40UN7m.ltrans0.ltrans.o
 .text.strncpy  0x0000000000000000       0x1c /tmp/tag_dump.elf.40UN7m.ltrans0.ltrans.o
 .text.strcpy   0x0000000000000000       0x14 /tmp/tag_dump.elf.40UN7m.ltrans0.ltrans.o
 .text.memset   0x0000000000000000       0x12 /tmp/tag_dump.elf.40UN7m.ltrans0.ltrans.o
 .text.strnlen  0x0000000000000000       0x2a /tmp/tag_dump.elf.40UN7m.ltrans0.ltrans.o
 .text.mini_vsnprintf
                0x0000000000000000       0x3a /tmp/tag_dump.elf.40UN7m.ltrans0.ltrans.o
 .text.strrchr  0x0000000000000000       0x3c /tmp/tag_dump.elf.40UN7m.ltrans0.ltrans.o
 .text.strchr   0x0000000000000000       0x30 /tmp/tag_dump.elf.40UN7m.ltrans0.ltrans.o
 .text.strstr   0x0000000000000000      0x112 /tmp/tag_dump.elf.40UN7m.ltrans0.ltrans.o
 .text.sprintf  0x0000000000000000       0x28 /tmp/tag_dump.elf.40UN7m.ltrans0.ltrans.o
 .text.snprintf
                0x0000000000000000       0x1c /tmp/tag_dump.elf.40UN7m.ltrans0.ltrans.o
 .text.vprintf  0x0000000000000000       0x16 /tmp/tag_dump.elf.40UN7m.ltrans0.ltrans.o
 .data.ADCPrescTable.lto_priv.0
                0x0000000000000000       0x14 /tmp/tag_dump.elf.40UN7m.ltrans0.ltrans.o
 .data.ADCPrescTable.lto_priv.1
                0x0000000000000000       0x14 /tmp/tag_dump.elf.40UN7m.ltrans0.ltrans.o
 .data.ADCPrescTable.lto_priv.2
                0x0000000000000000       0x14 /tmp/tag_dump.elf.40UN7m.ltrans0.ltrans.o
 .data.APBAHBPrescTable.lto_priv.0
                0x0000000000000000       0x10 /tmp/tag_dump.elf.40UN7m.ltrans0.ltrans.o
 .data.APBAHBPrescTable.lto_priv.1
                0x0000000000000000       0x10 /tmp/tag_dump.elf.40UN7m.ltrans0.ltrans.o
 .data.APBAHBPrescTable.lto_priv.2
                0x0000000000000000       0x10 /tmp/tag_dump.elf.40UN7m.ltrans0.ltrans.o
 .comment       0x0000000000000000        0xf /tmp/tag_dump.elf.40UN7m.ltrans0.ltrans.o
 .comment       0x0000000000000000        0xf /tmp/ccikbKao.debug.temp.o
 .comment       0x0000000000000000        0xf /tmp/cch2T28m.debug.temp.o
 .comment       0x0000000000000000        0xf /tmp/ccBBq5zp.debug.temp.o
 .data          0x0000000000000000        0x0 ../ch32v003fun/ch32fun/../misc/libgcc.a(div.o)
 .bss           0x0000000000000000        0x0 ../ch32v003fun/ch32fun/../misc/libgcc.a(div.o)

Memory Configuration

Name             Origin             Length             Attributes
FLASH            0x0000000000000000 0x0000000000004000 xr
RAM              0x0000000020000000 0x0000000000000800 xrw
*default*        0x0000000000000000 0xffffffffffffffff

Linker script and memory map

LOAD /tmp/ccLWqrT8.o
LOAD /tmp/tag_dump.elf.40UN7m.ltrans0.ltrans.o
LOAD /tmp/ccikbKao.debug.temp.o
LOAD /tmp/cch2T28m.debug.temp.o
LOAD /tmp/ccBBq5zp.debug.temp.o
LOAD /tmp/ccY3siz7.o
LOAD /tmp/ccfn1J28.o
LOAD ../ch32v003fun/ch32fun/../misc/libgcc.a

.init           0x0000000000000000       0xa0
                0x0000000000000000                _sinit = .
                0x0000000000000000                . = ALIGN (0x4)
 *(SORT_NONE(.init))
 .init          0x0000000000000000       0x9e /tmp/tag_dump.elf.40UN7m.ltrans0.ltrans.o
                0x0000000000000000                InterruptVector
                0x00000000000000a0                . = ALIGN (0x4)
 *fill*         0x000000000000009e        0x2 
                0x00000000000000a0                _einit = .

.text           0x00000000000000a0      0xe50
                0x00000000000000a0                . = ALIGN (0x4)
 *(.text)
 .text          0x00000000000000a0       0x7e ../ch32v003fun/ch32fun/../misc/libgcc.a(div.o)
                0x00000000000000a0                __divsi3
                0x00000000000000a8                __hidden___udivsi3
                0x00000000000000a8                __udivsi3
                0x00000000000000d4                __umodsi3
                0x00000000000000f8                __modsi3
 *(.text.*)
 .text.internal_handle_input.constprop.0
                0x000000000000011e        0xa /tmp/tag_dump.elf.40UN7m.ltrans0.ltrans.o
 .text._write.constprop.0
                0x0000000000000128       0xe8 /tmp/tag_dump.elf.40UN7m.ltrans0.ltrans.o
 .text.__disable_irq
                0x0000000000000210        0xe /tmp/tag_dump.elf.40UN7m.ltrans0.ltrans.o
 .text.__enable_irq
                0x000000000000021e        0xe /tmp/tag_dump.elf.40UN7m.ltrans0.ltrans.o
 .text.mini_itoa.part.0
                0x000000000000022c       0xbe /tmp/tag_dump.elf.40UN7m.ltrans0.ltrans.o
 .text.PrintN   0x00000000000002ea       0x56 /tmp/tag_dump.elf.40UN7m.ltrans0.ltrans.o
 .text.mini_pad
                0x0000000000000340       0x84 /tmp/tag_dump.elf.40UN7m.ltrans0.ltrans.o
 .text.__puts_uart
                0x00000000000003c4       0x14 /tmp/tag_dump.elf.40UN7m.ltrans0.ltrans.o
 .text.SystemInit
                0x00000000000003d8       0x58 /tmp/tag_dump.elf.40UN7m.ltrans0.ltrans.o
                0x00000000000003d8                SystemInit
 .text.vector_handler
                0x0000000000000430       0x5a /tmp/tag_dump.elf.40UN7m.ltrans0.ltrans.o
                0x0000000000000430                EXTI2_IRQHandler
                0x0000000000000430                TIM8_TRG_COM_IRQHandler
                0x0000000000000430                TIM8_CC_IRQHandler
                0x0000000000000430                UART8_IRQHandler
                0x0000000000000430                TIM1_CC_IRQHandler
                0x0000000000000430                HardFault_Handler
                0x0000000000000430                USBPD_IRQHandler
                0x0000000000000430                TIM6_IRQHandler
                0x0000000000000430                SysTick_Handler
                0x0000000000000430                PVD_IRQHandler
                0x0000000000000430                SDIO_IRQHandler
                0x0000000000000430                TIM9_BRK_IRQHandler
                0x0000000000000430                DMA2_Channel8_IRQHandler
                0x0000000000000430                CAN2_RX1_IRQHandler
                0x0000000000000430                EXTI3_IRQHandler
                0x0000000000000430                USBHS_IRQHandler
                0x0000000000000430                DMA2_Channel9_IRQHandler
                0x0000000000000430                TIM10_CC_IRQHandler
                0x0000000000000430                EXTI25_16_IRQHandler
                0x0000000000000430                USBFS_IRQHandler
                0x0000000000000430                EXTI0_IRQHandler
                0x0000000000000430                I2C2_EV_IRQHandler
                0x0000000000000430                TIM10_TRG_COM_IRQHandler
                0x0000000000000430                CAN2_SCE_IRQHandler
                0x0000000000000430                ADC1_2_IRQHandler
                0x0000000000000430                BB_IRQHandler
                0x0000000000000430                Break_Point_Handler
                0x0000000000000430                TIM2_CC_IRQHandler
                0x0000000000000430                SPI1_IRQHandler
                0x0000000000000430                TAMPER_IRQHandler
                0x0000000000000430                AWU_IRQHandler
                0x0000000000000430                EXTI7_0_IRQHandler
                0x0000000000000430                CAN2_RX0_IRQHandler
                0x0000000000000430                OSCWakeUp_IRQHandler
                0x0000000000000430                TIM8_UP_IRQHandler
                0x0000000000000430                Ecall_M_Mode_Handler
                0x0000000000000430                DMA2_Channel2_IRQHandler
                0x0000000000000430                DMA1_Channel4_IRQHandler
                0x0000000000000430                ADC1_IRQHandler
                0x0000000000000430                TIM2_BRK_IRQHandler
                0x0000000000000430                TIM9_UP_IRQHandler
                0x0000000000000430                USART3_IRQHandler
                0x0000000000000430                RTC_IRQHandler
                0x0000000000000430                DMA1_Channel7_IRQHandler
                0x0000000000000430                CAN1_RX1_IRQHandler
                0x0000000000000430                DVP_IRQHandler
                0x0000000000000430                UART5_IRQHandler
                0x0000000000000430                EXTI15_8_IRQHandler
                0x0000000000000430                TIM4_IRQHandler
                0x0000000000000430                DMA2_Channel1_IRQHandler
                0x0000000000000430                USBPD_WKUP_IRQHandler
                0x0000000000000430                I2C1_EV_IRQHandler
                0x0000000000000430                USART4_IRQHandler
                0x0000000000000430                DMA1_Channel6_IRQHandler
                0x0000000000000430                UART4_IRQHandler
                0x0000000000000430                DMA2_Channel4_IRQHandler
                0x0000000000000430                TIM3_IRQHandler
                0x0000000000000430                RCC_IRQHandler
                0x0000000000000430                TIM1_TRG_COM_IRQHandler
                0x0000000000000430                DMA1_Channel1_IRQHandler
                0x0000000000000430                DMA2_Channel7_IRQHandler
                0x0000000000000430                EXTI15_10_IRQHandler
                0x0000000000000430                DMA1_Channel8_IRQHandler
                0x0000000000000430                DefaultIRQHandler
                0x0000000000000430                TIM7_IRQHandler
                0x0000000000000430                CAN2_TX_IRQHandler
                0x0000000000000430                TIM5_IRQHandler
                0x0000000000000430                EXTI9_5_IRQHandler
                0x0000000000000430                PIOC_IRQHandler
                0x0000000000000430                SPI2_IRQHandler
                0x0000000000000430                OSC32KCal_IRQHandler
                0x0000000000000430                TIM10_BRK_IRQHandler
                0x0000000000000430                TIM9_CC_IRQHandler
                0x0000000000000430                DMA2_Channel5_IRQHandler
                0x0000000000000430                USBHSWakeUp_IRQHandler
                0x0000000000000430                DMA1_Channel5_IRQHandler
                0x0000000000000430                EXTI4_IRQHandler
                0x0000000000000430                USB_LP_CAN1_RX0_IRQHandler
                0x0000000000000430                RNG_IRQHandler
                0x0000000000000430                USB_HP_CAN1_TX_IRQHandler
                0x0000000000000430                LLE_IRQHandler
                0x0000000000000430                DMA1_Channel3_IRQHandler
                0x0000000000000430                FSMC_IRQHandler
                0x0000000000000430                ETH_IRQHandler
                0x0000000000000430                TIM1_UP_IRQHandler
                0x0000000000000430                WWDG_IRQHandler
                0x0000000000000430                DMA2_Channel11_IRQHandler
                0x0000000000000430                Ecall_U_Mode_Handler
                0x0000000000000430                DMA2_Channel6_IRQHandler
                0x0000000000000430                TIM2_IRQHandler
                0x0000000000000430                SW_Handler
                0x0000000000000430                TIM1_BRK_IRQHandler
                0x0000000000000430                OPA_IRQHandler
                0x0000000000000430                DMA2_Channel10_IRQHandler
                0x0000000000000430                EXTI1_IRQHandler
                0x0000000000000430                RTCAlarm_IRQHandler
                0x0000000000000430                TIM10_UP_IRQHandler
                0x0000000000000430                TIM9_TRG_COM_IRQHandler
                0x0000000000000430                UART7_IRQHandler
                0x0000000000000430                USART2_IRQHandler
                0x0000000000000430                UART6_IRQHandler
                0x0000000000000430                ETHWakeUp_IRQHandler
                0x0000000000000430                I2C2_ER_IRQHandler
                0x0000000000000430                DMA1_Channel2_IRQHandler
                0x0000000000000430                TIM8_BRK_IRQHandler
                0x0000000000000430                TIM2_TRG_IRQHandler
                0x0000000000000430                CAN1_SCE_IRQHandler
                0x0000000000000430                FLASH_IRQHandler
                0x0000000000000430                USBFSWakeUp_IRQHandler
                0x0000000000000430                USART1_IRQHandler
                0x0000000000000430                OTG_FS_IRQHandler
                0x0000000000000430                SPI3_IRQHandler
                0x0000000000000430                USBFS_WakeUp_IRQHandler
                0x0000000000000430                I2C1_ER_IRQHandler
                0x0000000000000430                USBWakeUp_IRQHandler
                0x0000000000000430                DMA2_Channel3_IRQHandler
                0x000000000000047c                NMI_Handler
                0x000000000000047c                NMI_RCC_CSS_IRQHandler
 .text.strlen   0x000000000000048a       0x12 /tmp/tag_dump.elf.40UN7m.ltrans0.ltrans.o
                0x000000000000048a                strlen
 .text.mini_vpprintf
                0x000000000000049c      0x1ae /tmp/tag_dump.elf.40UN7m.ltrans0.ltrans.o
 .text.puts     0x000000000000064a       0x2c /tmp/tag_dump.elf.40UN7m.ltrans0.ltrans.o
                0x000000000000064a                puts
 .text.printf   0x0000000000000676       0x26 /tmp/tag_dump.elf.40UN7m.ltrans0.ltrans.o
                0x0000000000000676                printf
 .text.i2c_scan_callback
                0x000000000000069c        0xa /tmp/tag_dump.elf.40UN7m.ltrans0.ltrans.o
 .text.startup.main
                0x00000000000006a6      0x73a /tmp/tag_dump.elf.40UN7m.ltrans0.ltrans.o
                0x00000000000006a6                main
 .text.handle_reset
                0x0000000000000de0       0x76 /tmp/tag_dump.elf.40UN7m.ltrans0.ltrans.o
                0x0000000000000de0                handle_reset
 *(.rodata)
 *(.rodata*)
 *fill*         0x0000000000000e56        0x2 
 .rodata.puts.str1.4
                0x0000000000000e58        0x2 /tmp/tag_dump.elf.40UN7m.ltrans0.ltrans.o
 *fill*         0x0000000000000e5a        0x2 
 .rodata.i2c_scan_callback.str1.4
                0x0000000000000e5c       0x1c /tmp/tag_dump.elf.40UN7m.ltrans0.ltrans.o
 .rodata.main.str1.4
                0x0000000000000e78       0x78 /tmp/tag_dump.elf.40UN7m.ltrans0.ltrans.o
 *(.gnu.linkonce.t.*)
                0x0000000000000ef0                . = ALIGN (0x4)

.fini           0x0000000000000ef0        0x0
 *(SORT_NONE(.fini))
                0x0000000000000ef0                . = ALIGN (0x4)
                [!provide]                        PROVIDE (_etext = .)
                [!provide]                        PROVIDE (_eitcm = .)

.preinit_array  0x0000000000000ef0        0x0
                [!provide]                        PROVIDE (__preinit_array_start = .)
 *(.preinit_array)
                [!provide]                        PROVIDE (__preinit_array_end = .)

.init_array     0x0000000000000ef0        0x0
                [!provide]                        PROVIDE (__init_array_start = .)
 *(SORT_BY_INIT_PRIORITY(.init_array.*) SORT_BY_INIT_PRIORITY(.ctors.*))
 *(.init_array EXCLUDE_FILE(*crtend?.o *crtend.o *crtbegin?.o *crtbegin.o) .ctors)
                [!provide]                        PROVIDE (__init_array_end = .)

.fini_array     0x0000000000000ef0        0x0
                [!provide]                        PROVIDE (__fini_array_start = .)
 *(SORT_BY_INIT_PRIORITY(.fini_array.*) SORT_BY_INIT_PRIORITY(.dtors.*))
 *(.fini_array EXCLUDE_FILE(*crtend?.o *crtend.o *crtbegin?.o *crtbegin.o) .dtors)
                [!provide]                        PROVIDE (__fini_array_end = .)

.ctors
 *crtbegin.o(.ctors)
 *crtbegin?.o(.ctors)
 *(EXCLUDE_FILE(*crtend?.o *crtend.o) .ctors)
 *(SORT_BY_NAME(.ctors.*))
 *(.ctors)

.dtors
 *crtbegin.o(.dtors)
 *crtbegin?.o(.dtors)
 *(EXCLUDE_FILE(*crtend?.o *crtend.o) .dtors)
 *(SORT_BY_NAME(.dtors.*))
 *(.dtors)

.dalign         0x0000000020000000        0x0 load address 0x0000000000000ef0
                0x0000000020000000                . = ALIGN (0x4)
                0x0000000020000000                PROVIDE (_data_vma = .)

.dlalign        0x0000000000000ef0        0x0
                0x0000000000000ef0                . = ALIGN (0x4)
                0x0000000000000ef0                PROVIDE (_data_lma = .)

.data           0x0000000020000000      0x1e8 load address 0x0000000000000ef0
                0x0000000020000000                . = ALIGN (0x4)
 *(.gnu.linkonce.r.*)
 *(.data .data.*)
 *(.gnu.linkonce.d.*)
                0x0000000020000000                . = ALIGN (0x8)
                0x0000000020000800                PROVIDE (__global_pointer$ = (. + 0x800))
 *(.sdata .sdata.*)
 *(.sdata2*)
 *(.gnu.linkonce.s.*)
                0x0000000020000000                . = ALIGN (0x8)
 *(.srodata.cst16)
 *(.srodata.cst8)
 *(.srodata.cst4)
 *(.srodata.cst2)
 *(.srodata .srodata.*)
 .srodata       0x0000000020000000      0x1e6 /tmp/tag_dump.elf.40UN7m.ltrans0.ltrans.o
                0x00000000200001e8                . = ALIGN (0x4)
 *fill*         0x00000000200001e6        0x2 
                0x00000000200001e8                PROVIDE (_edata = .)

.rela.dyn       0x00000000200001e8        0x0 load address 0x00000000000010d8
 .rela.text.mini_vpprintf
                0x00000000200001e8        0x0 /tmp/tag_dump.elf.40UN7m.ltrans0.ltrans.o
 .rela.text.puts
                0x00000000200001e8        0x0 /tmp/tag_dump.elf.40UN7m.ltrans0.ltrans.o
 .rela.text.i2c_scan_callback
                0x00000000200001e8        0x0 /tmp/tag_dump.elf.40UN7m.ltrans0.ltrans.o
 .rela.text.startup.main
                0x00000000200001e8        0x0 /tmp/tag_dump.elf.40UN7m.ltrans0.ltrans.o
 .rela.text.handle_reset
                0x00000000200001e8        0x0 /tmp/tag_dump.elf.40UN7m.ltrans0.ltrans.o

.bss            0x00000000200001e8        0x0 load address 0x00000000000010d8
                0x00000000200001e8                . = ALIGN (0x4)
                0x00000000200001e8                PROVIDE (_sbss = .)
 *(.sbss*)
 *(.gnu.linkonce.sb.*)
 *(.bss*)
 *(.gnu.linkonce.b.*)
 *(COMMON*)
                0x00000000200001e8                . = ALIGN (0x4)
                0x00000000200001e8                PROVIDE (_ebss = .)
                [!provide]                        PROVIDE (_end = _ebss)
                [!provide]                        PROVIDE (end = .)
                0x0000000020000800                PROVIDE (_eusrstack = (ORIGIN (RAM) + LENGTH (RAM)))

/DISCARD/
 *(.note .note.*)
 *(.eh_frame .eh_frame.*)
 *(.comment .comment.*)
 *(.ARM.extab* .gnu.linkonce.armextab.*)
 *(.ARM.exidx*)
OUTPUT(tag_dump.elf elf32-littleriscv)

.riscv.attributes
                0x0000000000000000       0x21
 .riscv.attributes
                0x0000000000000000       0x21 /tmp/tag_dump.elf.40UN7m.ltrans0.ltrans.o
 .riscv.attributes
                0x0000000000000021       0x1f ../ch32v003fun/ch32fun/../misc/libgcc.a(div.o)

.debug_info     0x0000000000000000     0x435f
 .debug_info    0x0000000000000000     0x145a /tmp/tag_dump.elf.40UN7m.ltrans0.ltrans.o
 .debug_info    0x000000000000145a     0x1a3c /tmp/ccikbKao.debug.temp.o
                0x000000000000145a                ch32fun.c.3f980ef8
 .debug_info    0x0000000000002e96      0xeb6 /tmp/cch2T28m.debug.temp.o
                0x0000000000002e96                tag_dump.c.c5e59097
 .debug_info    0x0000000000003d4c      0x5b6 /tmp/ccBBq5zp.debug.temp.o
                0x0000000000003d4c                lib_i2c.c.01c03b19
 .debug_info    0x0000000000004302       0x5d ../ch32v003fun/ch32fun/../misc/libgcc.a(div.o)

.debug_abbrev   0x0000000000000000      0x925
 .debug_abbrev  0x0000000000000000      0x1f6 /tmp/tag_dump.elf.40UN7m.ltrans0.ltrans.o
 .debug_abbrev  0x00000000000001f6      0x2f0 /tmp/ccikbKao.debug.temp.o
 .debug_abbrev  0x00000000000004e6      0x29c /tmp/cch2T28m.debug.temp.o
 .debug_abbrev  0x0000000000000782      0x17b /tmp/ccBBq5zp.debug.temp.o
 .debug_abbrev  0x00000000000008fd       0x28 ../ch32v003fun/ch32fun/../misc/libgcc.a(div.o)

.debug_loc      0x0000000000000000     0x283f
 .debug_loc     0x0000000000000000     0x283f /tmp/tag_dump.elf.40UN7m.ltrans0.ltrans.o

.debug_aranges  0x0000000000000000      0x178
 .debug_aranges
                0x0000000000000000      0x158 /tmp/tag_dump.elf.40UN7m.ltrans0.ltrans.o
 .debug_aranges
                0x0000000000000158       0x20 ../ch32v003fun/ch32fun/../misc/libgcc.a(div.o)

.debug_ranges   0x0000000000000000      0x6f0
 .debug_ranges  0x0000000000000000      0x6f0 /tmp/tag_dump.elf.40UN7m.ltrans0.ltrans.o

.debug_line     0x0000000000000000     0x37e5
 .debug_line    0x0000000000000000     0x334d /tmp/tag_dump.elf.40UN7m.ltrans0.ltrans.o
 .debug_line    0x000000000000334d      0x13b /tmp/ccikbKao.debug.temp.o
 .debug_line    0x0000000000003488      0x156 /tmp/cch2T28m.debug.temp.o
 .debug_line    0x00000000000035de       0xb4 /tmp/ccBBq5zp.debug.temp.o
 .debug_line    0x0000000000003692      0x153 ../ch32v003fun/ch32fun/../misc/libgcc.a(div.o)

.debug_str      0x0000000000000000      0xfd1
 .debug_str     0x0000000000000000      0x13a /tmp/tag_dump.elf.40UN7m.ltrans0.ltrans.o
                                        0x148 (size before relaxing)
 .debug_str     0x000000000000013a      0x9c8 /tmp/ccikbKao.debug.temp.o
                                        0xaf9 (size before relaxing)
 .debug_str     0x0000000000000b02      0x2a9 /tmp/cch2T28m.debug.temp.o
                                        0x92b (size before relaxing)
 .debug_str     0x0000000000000dab      0x157 /tmp/ccBBq5zp.debug.temp.o
                                        0x417 (size before relaxing)
 .debug_str     0x0000000000000f02       0xcf ../ch32v003fun/ch32fun/../misc/libgcc.a(div.o)
                                         0xd9 (size before relaxing)

.debug_frame    0x0000000000000000      0x3f0
 .debug_frame   0x0000000000000000      0x3f0 /tmp/tag_dump.elf.40UN7m.ltrans0.ltrans.o

.debug_line_str
                0x0000000000000000       0x92
 .debug_line_str
                0x0000000000000000       0x92 ../ch32v003fun/ch32fun/../misc/libgcc.a(div.o)
