Archive member included to satisfy reference by file (symbol)

../ch32v003fun/ch32fun/../misc/libgcc.a(div.o)
                              /tmp/flash_test.elf.pnuZNz.ltrans0.ltrans.o (__udivsi3)

Allocating common symbols
Common symbol       size              file

count               0x4               /tmp/ccd9Q4CX.o (symbol from plugin)

Discarded input sections

 .text          0x0000000000000000        0x0 /tmp/flash_test.elf.pnuZNz.ltrans0.ltrans.o
 .data          0x0000000000000000        0x0 /tmp/flash_test.elf.pnuZNz.ltrans0.ltrans.o
 .bss           0x0000000000000000        0x0 /tmp/flash_test.elf.pnuZNz.ltrans0.ltrans.o
 .text._puts    0x0000000000000000       0x42 /tmp/flash_test.elf.pnuZNz.ltrans0.ltrans.o
 .text.putchar  0x0000000000000000       0x72 /tmp/flash_test.elf.pnuZNz.ltrans0.ltrans.o
 .text.memchr   0x0000000000000000       0x1c /tmp/flash_test.elf.pnuZNz.ltrans0.ltrans.o
 .text.memcmp   0x0000000000000000       0x26 /tmp/flash_test.elf.pnuZNz.ltrans0.ltrans.o
 .text.twoway_strstr
                0x0000000000000000      0x236 /tmp/flash_test.elf.pnuZNz.ltrans0.ltrans.o
 .text.memcpy   0x0000000000000000       0x1c /tmp/flash_test.elf.pnuZNz.ltrans0.ltrans.o
 .text.memmove  0x0000000000000000       0x6a /tmp/flash_test.elf.pnuZNz.ltrans0.ltrans.o
 .text.strncmp  0x0000000000000000       0x2e /tmp/flash_test.elf.pnuZNz.ltrans0.ltrans.o
 .text.strcmp   0x0000000000000000       0x1a /tmp/flash_test.elf.pnuZNz.ltrans0.ltrans.o
 .text.strncpy  0x0000000000000000       0x1c /tmp/flash_test.elf.pnuZNz.ltrans0.ltrans.o
 .text.strcpy   0x0000000000000000       0x14 /tmp/flash_test.elf.pnuZNz.ltrans0.ltrans.o
 .text.memset   0x0000000000000000       0x12 /tmp/flash_test.elf.pnuZNz.ltrans0.ltrans.o
 .text.strnlen  0x0000000000000000       0x2a /tmp/flash_test.elf.pnuZNz.ltrans0.ltrans.o
 .text.mini_vsnprintf
                0x0000000000000000       0x3a /tmp/flash_test.elf.pnuZNz.ltrans0.ltrans.o
 .text.strrchr  0x0000000000000000       0x3c /tmp/flash_test.elf.pnuZNz.ltrans0.ltrans.o
 .text.strchr   0x0000000000000000       0x30 /tmp/flash_test.elf.pnuZNz.ltrans0.ltrans.o
 .text.strstr   0x0000000000000000      0x112 /tmp/flash_test.elf.pnuZNz.ltrans0.ltrans.o
 .text.sprintf  0x0000000000000000       0x28 /tmp/flash_test.elf.pnuZNz.ltrans0.ltrans.o
 .text.snprintf
                0x0000000000000000       0x1c /tmp/flash_test.elf.pnuZNz.ltrans0.ltrans.o
 .text.vprintf  0x0000000000000000       0x16 /tmp/flash_test.elf.pnuZNz.ltrans0.ltrans.o
 .data.ADCPrescTable.lto_priv.0
                0x0000000000000000       0x14 /tmp/flash_test.elf.pnuZNz.ltrans0.ltrans.o
 .data.ADCPrescTable.lto_priv.1
                0x0000000000000000       0x14 /tmp/flash_test.elf.pnuZNz.ltrans0.ltrans.o
 .data.APBAHBPrescTable.lto_priv.0
                0x0000000000000000       0x10 /tmp/flash_test.elf.pnuZNz.ltrans0.ltrans.o
 .data.APBAHBPrescTable.lto_priv.1
                0x0000000000000000       0x10 /tmp/flash_test.elf.pnuZNz.ltrans0.ltrans.o
 .comment       0x0000000000000000        0xf /tmp/flash_test.elf.pnuZNz.ltrans0.ltrans.o
 .comment       0x0000000000000000        0xf /tmp/ccS64jqz.debug.temp.o
 .comment       0x0000000000000000        0xf /tmp/ccL8Yosw.debug.temp.o
 .data          0x0000000000000000        0x0 ../ch32v003fun/ch32fun/../misc/libgcc.a(div.o)
 .bss           0x0000000000000000        0x0 ../ch32v003fun/ch32fun/../misc/libgcc.a(div.o)

Memory Configuration

Name             Origin             Length             Attributes
FLASH            0x0000000000000000 0x0000000000004000 xr
RAM              0x0000000020000000 0x0000000000000800 xrw
*default*        0x0000000000000000 0xffffffffffffffff

Linker script and memory map

LOAD /tmp/ccFsrdpU.o
LOAD /tmp/flash_test.elf.pnuZNz.ltrans0.ltrans.o
LOAD /tmp/ccS64jqz.debug.temp.o
LOAD /tmp/ccL8Yosw.debug.temp.o
LOAD /tmp/ccd9Q4CX.o
LOAD ../ch32v003fun/ch32fun/../misc/libgcc.a

.init           0x0000000000000000       0xa0
                0x0000000000000000                _sinit = .
                0x0000000000000000                . = ALIGN (0x4)
 *(SORT_NONE(.init))
 .init          0x0000000000000000       0x9e /tmp/flash_test.elf.pnuZNz.ltrans0.ltrans.o
                0x0000000000000000                InterruptVector
                0x00000000000000a0                . = ALIGN (0x4)
 *fill*         0x000000000000009e        0x2 
                0x00000000000000a0                _einit = .

.text           0x00000000000000a0      0xa58
                0x00000000000000a0                . = ALIGN (0x4)
 *(.text)
 .text          0x00000000000000a0       0x7e ../ch32v003fun/ch32fun/../misc/libgcc.a(div.o)
                0x00000000000000a0                __divsi3
                0x00000000000000a8                __hidden___udivsi3
                0x00000000000000a8                __udivsi3
                0x00000000000000d4                __umodsi3
                0x00000000000000f8                __modsi3
 *(.text.*)
 .text.internal_handle_input.constprop.0
                0x000000000000011e        0xa /tmp/flash_test.elf.pnuZNz.ltrans0.ltrans.o
 .text._write.constprop.0
                0x0000000000000128       0xe8 /tmp/flash_test.elf.pnuZNz.ltrans0.ltrans.o
 .text.mini_itoa.part.0
                0x0000000000000210       0xbe /tmp/flash_test.elf.pnuZNz.ltrans0.ltrans.o
 .text.PrintN   0x00000000000002ce       0x56 /tmp/flash_test.elf.pnuZNz.ltrans0.ltrans.o
 .text.mini_pad
                0x0000000000000324       0x84 /tmp/flash_test.elf.pnuZNz.ltrans0.ltrans.o
 .text.__puts_uart
                0x00000000000003a8       0x14 /tmp/flash_test.elf.pnuZNz.ltrans0.ltrans.o
 .text.SystemInit
                0x00000000000003bc       0x58 /tmp/flash_test.elf.pnuZNz.ltrans0.ltrans.o
                0x00000000000003bc                SystemInit
 .text.vector_handler
                0x0000000000000414       0x5a /tmp/flash_test.elf.pnuZNz.ltrans0.ltrans.o
                0x0000000000000414                EXTI2_IRQHandler
                0x0000000000000414                TIM8_TRG_COM_IRQHandler
                0x0000000000000414                TIM8_CC_IRQHandler
                0x0000000000000414                UART8_IRQHandler
                0x0000000000000414                TIM1_CC_IRQHandler
                0x0000000000000414                HardFault_Handler
                0x0000000000000414                USBPD_IRQHandler
                0x0000000000000414                TIM6_IRQHandler
                0x0000000000000414                SysTick_Handler
                0x0000000000000414                PVD_IRQHandler
                0x0000000000000414                SDIO_IRQHandler
                0x0000000000000414                TIM9_BRK_IRQHandler
                0x0000000000000414                DMA2_Channel8_IRQHandler
                0x0000000000000414                CAN2_RX1_IRQHandler
                0x0000000000000414                EXTI3_IRQHandler
                0x0000000000000414                USBHS_IRQHandler
                0x0000000000000414                DMA2_Channel9_IRQHandler
                0x0000000000000414                TIM10_CC_IRQHandler
                0x0000000000000414                EXTI25_16_IRQHandler
                0x0000000000000414                USBFS_IRQHandler
                0x0000000000000414                EXTI0_IRQHandler
                0x0000000000000414                I2C2_EV_IRQHandler
                0x0000000000000414                TIM10_TRG_COM_IRQHandler
                0x0000000000000414                CAN2_SCE_IRQHandler
                0x0000000000000414                ADC1_2_IRQHandler
                0x0000000000000414                BB_IRQHandler
                0x0000000000000414                Break_Point_Handler
                0x0000000000000414                TIM2_CC_IRQHandler
                0x0000000000000414                SPI1_IRQHandler
                0x0000000000000414                TAMPER_IRQHandler
                0x0000000000000414                AWU_IRQHandler
                0x0000000000000414                EXTI7_0_IRQHandler
                0x0000000000000414                CAN2_RX0_IRQHandler
                0x0000000000000414                OSCWakeUp_IRQHandler
                0x0000000000000414                TIM8_UP_IRQHandler
                0x0000000000000414                Ecall_M_Mode_Handler
                0x0000000000000414                DMA2_Channel2_IRQHandler
                0x0000000000000414                DMA1_Channel4_IRQHandler
                0x0000000000000414                ADC1_IRQHandler
                0x0000000000000414                TIM2_BRK_IRQHandler
                0x0000000000000414                TIM9_UP_IRQHandler
                0x0000000000000414                USART3_IRQHandler
                0x0000000000000414                RTC_IRQHandler
                0x0000000000000414                DMA1_Channel7_IRQHandler
                0x0000000000000414                CAN1_RX1_IRQHandler
                0x0000000000000414                DVP_IRQHandler
                0x0000000000000414                UART5_IRQHandler
                0x0000000000000414                EXTI15_8_IRQHandler
                0x0000000000000414                TIM4_IRQHandler
                0x0000000000000414                DMA2_Channel1_IRQHandler
                0x0000000000000414                USBPD_WKUP_IRQHandler
                0x0000000000000414                I2C1_EV_IRQHandler
                0x0000000000000414                USART4_IRQHandler
                0x0000000000000414                DMA1_Channel6_IRQHandler
                0x0000000000000414                UART4_IRQHandler
                0x0000000000000414                DMA2_Channel4_IRQHandler
                0x0000000000000414                TIM3_IRQHandler
                0x0000000000000414                RCC_IRQHandler
                0x0000000000000414                TIM1_TRG_COM_IRQHandler
                0x0000000000000414                DMA1_Channel1_IRQHandler
                0x0000000000000414                DMA2_Channel7_IRQHandler
                0x0000000000000414                EXTI15_10_IRQHandler
                0x0000000000000414                DMA1_Channel8_IRQHandler
                0x0000000000000414                DefaultIRQHandler
                0x0000000000000414                TIM7_IRQHandler
                0x0000000000000414                CAN2_TX_IRQHandler
                0x0000000000000414                TIM5_IRQHandler
                0x0000000000000414                EXTI9_5_IRQHandler
                0x0000000000000414                PIOC_IRQHandler
                0x0000000000000414                SPI2_IRQHandler
                0x0000000000000414                OSC32KCal_IRQHandler
                0x0000000000000414                TIM10_BRK_IRQHandler
                0x0000000000000414                TIM9_CC_IRQHandler
                0x0000000000000414                DMA2_Channel5_IRQHandler
                0x0000000000000414                USBHSWakeUp_IRQHandler
                0x0000000000000414                DMA1_Channel5_IRQHandler
                0x0000000000000414                EXTI4_IRQHandler
                0x0000000000000414                USB_LP_CAN1_RX0_IRQHandler
                0x0000000000000414                RNG_IRQHandler
                0x0000000000000414                USB_HP_CAN1_TX_IRQHandler
                0x0000000000000414                LLE_IRQHandler
                0x0000000000000414                DMA1_Channel3_IRQHandler
                0x0000000000000414                FSMC_IRQHandler
                0x0000000000000414                ETH_IRQHandler
                0x0000000000000414                TIM1_UP_IRQHandler
                0x0000000000000414                WWDG_IRQHandler
                0x0000000000000414                DMA2_Channel11_IRQHandler
                0x0000000000000414                Ecall_U_Mode_Handler
                0x0000000000000414                DMA2_Channel6_IRQHandler
                0x0000000000000414                TIM2_IRQHandler
                0x0000000000000414                SW_Handler
                0x0000000000000414                TIM1_BRK_IRQHandler
                0x0000000000000414                OPA_IRQHandler
                0x0000000000000414                DMA2_Channel10_IRQHandler
                0x0000000000000414                EXTI1_IRQHandler
                0x0000000000000414                RTCAlarm_IRQHandler
                0x0000000000000414                TIM10_UP_IRQHandler
                0x0000000000000414                TIM9_TRG_COM_IRQHandler
                0x0000000000000414                UART7_IRQHandler
                0x0000000000000414                USART2_IRQHandler
                0x0000000000000414                UART6_IRQHandler
                0x0000000000000414                ETHWakeUp_IRQHandler
                0x0000000000000414                I2C2_ER_IRQHandler
                0x0000000000000414                DMA1_Channel2_IRQHandler
                0x0000000000000414                TIM8_BRK_IRQHandler
                0x0000000000000414                TIM2_TRG_IRQHandler
                0x0000000000000414                CAN1_SCE_IRQHandler
                0x0000000000000414                FLASH_IRQHandler
                0x0000000000000414                USBFSWakeUp_IRQHandler
                0x0000000000000414                USART1_IRQHandler
                0x0000000000000414                OTG_FS_IRQHandler
                0x0000000000000414                SPI3_IRQHandler
                0x0000000000000414                USBFS_WakeUp_IRQHandler
                0x0000000000000414                I2C1_ER_IRQHandler
                0x0000000000000414                USBWakeUp_IRQHandler
                0x0000000000000414                DMA2_Channel3_IRQHandler
                0x0000000000000460                NMI_Handler
                0x0000000000000460                NMI_RCC_CSS_IRQHandler
 .text.strlen   0x000000000000046e       0x12 /tmp/flash_test.elf.pnuZNz.ltrans0.ltrans.o
                0x000000000000046e                strlen
 .text.mini_vpprintf
                0x0000000000000480      0x1ae /tmp/flash_test.elf.pnuZNz.ltrans0.ltrans.o
 .text.puts     0x000000000000062e       0x2c /tmp/flash_test.elf.pnuZNz.ltrans0.ltrans.o
                0x000000000000062e                puts
 .text.printf   0x000000000000065a       0x26 /tmp/flash_test.elf.pnuZNz.ltrans0.ltrans.o
                0x000000000000065a                printf
 .text.startup.main
                0x0000000000000680      0x23c /tmp/flash_test.elf.pnuZNz.ltrans0.ltrans.o
                0x0000000000000680                main
 .text.handle_reset
                0x00000000000008bc       0x7e /tmp/flash_test.elf.pnuZNz.ltrans0.ltrans.o
                0x00000000000008bc                handle_reset
 *(.rodata)
 *(.rodata*)
 .rodata.puts.str1.4
                0x000000000000093a        0x0 /tmp/flash_test.elf.pnuZNz.ltrans0.ltrans.o
                                          0x2 (size before relaxing)
 *fill*         0x000000000000093a        0x2 
 .rodata.main.str1.4
                0x000000000000093c      0x1bc /tmp/flash_test.elf.pnuZNz.ltrans0.ltrans.o
 *(.gnu.linkonce.t.*)
                0x0000000000000af8                . = ALIGN (0x4)

.rela.dyn       0x0000000000000af8        0x0
 .rela.text.mini_vpprintf
                0x0000000000000af8        0x0 /tmp/flash_test.elf.pnuZNz.ltrans0.ltrans.o
 .rela.text.puts
                0x0000000000000af8        0x0 /tmp/flash_test.elf.pnuZNz.ltrans0.ltrans.o
 .rela.text.startup.main
                0x0000000000000af8        0x0 /tmp/flash_test.elf.pnuZNz.ltrans0.ltrans.o
 .rela.text.handle_reset
                0x0000000000000af8        0x0 /tmp/flash_test.elf.pnuZNz.ltrans0.ltrans.o

.fini           0x0000000000000af8        0x0
 *(SORT_NONE(.fini))
                0x0000000000000af8                . = ALIGN (0x4)
                [!provide]                        PROVIDE (_etext = .)
                [!provide]                        PROVIDE (_eitcm = .)

.preinit_array  0x0000000000000af8        0x0
                [!provide]                        PROVIDE (__preinit_array_start = .)
 *(.preinit_array)
                [!provide]                        PROVIDE (__preinit_array_end = .)

.init_array     0x0000000000000af8        0x0
                [!provide]                        PROVIDE (__init_array_start = .)
 *(SORT_BY_INIT_PRIORITY(.init_array.*) SORT_BY_INIT_PRIORITY(.ctors.*))
 *(.init_array EXCLUDE_FILE(*crtend?.o *crtend.o *crtbegin?.o *crtbegin.o) .ctors)
                [!provide]                        PROVIDE (__init_array_end = .)

.fini_array     0x0000000000000af8        0x0
                [!provide]                        PROVIDE (__fini_array_start = .)
 *(SORT_BY_INIT_PRIORITY(.fini_array.*) SORT_BY_INIT_PRIORITY(.dtors.*))
 *(.fini_array EXCLUDE_FILE(*crtend?.o *crtend.o *crtbegin?.o *crtbegin.o) .dtors)
                [!provide]                        PROVIDE (__fini_array_end = .)

.ctors
 *crtbegin.o(.ctors)
 *crtbegin?.o(.ctors)
 *(EXCLUDE_FILE(*crtend?.o *crtend.o) .ctors)
 *(SORT_BY_NAME(.ctors.*))
 *(.ctors)

.dtors
 *crtbegin.o(.dtors)
 *crtbegin?.o(.dtors)
 *(EXCLUDE_FILE(*crtend?.o *crtend.o) .dtors)
 *(SORT_BY_NAME(.dtors.*))
 *(.dtors)

.dalign         0x0000000020000000        0x0 load address 0x0000000000000af8
                0x0000000020000000                . = ALIGN (0x4)
                0x0000000020000000                PROVIDE (_data_vma = .)

.dlalign        0x0000000000000af8        0x0
                0x0000000000000af8                . = ALIGN (0x4)
                0x0000000000000af8                PROVIDE (_data_lma = .)

.data           0x0000000020000000        0x0 load address 0x0000000000000af8
                0x0000000020000000                . = ALIGN (0x4)
 *(.gnu.linkonce.r.*)
 *(.data .data.*)
 *(.gnu.linkonce.d.*)
                0x0000000020000000                . = ALIGN (0x8)
                0x0000000020000800                PROVIDE (__global_pointer$ = (. + 0x800))
 *(.sdata .sdata.*)
 *(.sdata2*)
 *(.gnu.linkonce.s.*)
                0x0000000020000000                . = ALIGN (0x8)
 *(.srodata.cst16)
 *(.srodata.cst8)
 *(.srodata.cst4)
 *(.srodata.cst2)
 *(.srodata .srodata.*)
                0x0000000020000000                . = ALIGN (0x4)
                0x0000000020000000                PROVIDE (_edata = .)

.bss            0x0000000020000000        0x0 load address 0x0000000000000af8
                0x0000000020000000                . = ALIGN (0x4)
                0x0000000020000000                PROVIDE (_sbss = .)
 *(.sbss*)
 *(.gnu.linkonce.sb.*)
 *(.bss*)
 *(.gnu.linkonce.b.*)
 *(COMMON*)
                0x0000000020000000                . = ALIGN (0x4)
                0x0000000020000000                PROVIDE (_ebss = .)
                [!provide]                        PROVIDE (_end = _ebss)
                [!provide]                        PROVIDE (end = .)
                0x0000000020000800                PROVIDE (_eusrstack = (ORIGIN (RAM) + LENGTH (RAM)))

/DISCARD/
 *(.note .note.*)
 *(.eh_frame .eh_frame.*)
 *(.comment .comment.*)
 *(.ARM.extab* .gnu.linkonce.armextab.*)
 *(.ARM.exidx*)
OUTPUT(flash_test.elf elf32-littleriscv)

.riscv.attributes
                0x0000000000000000       0x21
 .riscv.attributes
                0x0000000000000000       0x21 /tmp/flash_test.elf.pnuZNz.ltrans0.ltrans.o
 .riscv.attributes
                0x0000000000000021       0x1f ../ch32v003fun/ch32fun/../misc/libgcc.a(div.o)

.debug_info     0x0000000000000000     0x36ec
 .debug_info    0x0000000000000000     0x1097 /tmp/flash_test.elf.pnuZNz.ltrans0.ltrans.o
 .debug_info    0x0000000000001097     0x1a3c /tmp/ccS64jqz.debug.temp.o
                0x0000000000001097                ch32fun.c.44bec7b9
 .debug_info    0x0000000000002ad3      0xbbc /tmp/ccL8Yosw.debug.temp.o
                0x0000000000002ad3                flash_test.c.37cbdbb7
 .debug_info    0x000000000000368f       0x5d ../ch32v003fun/ch32fun/../misc/libgcc.a(div.o)

.debug_abbrev   0x0000000000000000      0x68f
 .debug_abbrev  0x0000000000000000      0x181 /tmp/flash_test.elf.pnuZNz.ltrans0.ltrans.o
 .debug_abbrev  0x0000000000000181      0x2f0 /tmp/ccS64jqz.debug.temp.o
 .debug_abbrev  0x0000000000000471      0x1f6 /tmp/ccL8Yosw.debug.temp.o
 .debug_abbrev  0x0000000000000667       0x28 ../ch32v003fun/ch32fun/../misc/libgcc.a(div.o)

.debug_loc      0x0000000000000000     0x22ba
 .debug_loc     0x0000000000000000     0x22ba /tmp/flash_test.elf.pnuZNz.ltrans0.ltrans.o

.debug_aranges  0x0000000000000000      0x158
 .debug_aranges
                0x0000000000000000      0x138 /tmp/flash_test.elf.pnuZNz.ltrans0.ltrans.o
 .debug_aranges
                0x0000000000000138       0x20 ../ch32v003fun/ch32fun/../misc/libgcc.a(div.o)

.debug_ranges   0x0000000000000000      0x2d0
 .debug_ranges  0x0000000000000000      0x2d0 /tmp/flash_test.elf.pnuZNz.ltrans0.ltrans.o

.debug_line     0x0000000000000000     0x2db2
 .debug_line    0x0000000000000000     0x2a1e /tmp/flash_test.elf.pnuZNz.ltrans0.ltrans.o
 .debug_line    0x0000000000002a1e      0x13b /tmp/ccS64jqz.debug.temp.o
 .debug_line    0x0000000000002b59      0x106 /tmp/ccL8Yosw.debug.temp.o
 .debug_line    0x0000000000002c5f      0x153 ../ch32v003fun/ch32fun/../misc/libgcc.a(div.o)

.debug_str      0x0000000000000000      0xc09
 .debug_str     0x0000000000000000      0x13c /tmp/flash_test.elf.pnuZNz.ltrans0.ltrans.o
                                        0x14a (size before relaxing)
 .debug_str     0x000000000000013c      0x9d5 /tmp/ccS64jqz.debug.temp.o
                                        0xafb (size before relaxing)
 .debug_str     0x0000000000000b11       0x29 /tmp/ccL8Yosw.debug.temp.o
                                        0x671 (size before relaxing)
 .debug_str     0x0000000000000b3a       0xcf ../ch32v003fun/ch32fun/../misc/libgcc.a(div.o)
                                         0xd9 (size before relaxing)

.debug_frame    0x0000000000000000      0x398
 .debug_frame   0x0000000000000000      0x398 /tmp/flash_test.elf.pnuZNz.ltrans0.ltrans.o

.debug_line_str
                0x0000000000000000       0x92
 .debug_line_str
                0x0000000000000000       0x92 ../ch32v003fun/ch32fun/../misc/libgcc.a(div.o)
