Archive member included to satisfy reference by file (symbol)

../ch32v003fun/ch32fun/../misc/libgcc.a(div.o)
                              /tmp/full_tag.elf.ENjDSa.ltrans0.ltrans.o (__udivsi3)

Discarded input sections

 .text          0x0000000000000000        0x0 /tmp/full_tag.elf.ENjDSa.ltrans0.ltrans.o
 .data          0x0000000000000000        0x0 /tmp/full_tag.elf.ENjDSa.ltrans0.ltrans.o
 .bss           0x0000000000000000        0x0 /tmp/full_tag.elf.ENjDSa.ltrans0.ltrans.o
 .text._puts    0x0000000000000000       0x42 /tmp/full_tag.elf.ENjDSa.ltrans0.ltrans.o
 .text.putchar  0x0000000000000000       0x72 /tmp/full_tag.elf.ENjDSa.ltrans0.ltrans.o
 .text.memchr   0x0000000000000000       0x1c /tmp/full_tag.elf.ENjDSa.ltrans0.ltrans.o
 .text.memcmp   0x0000000000000000       0x26 /tmp/full_tag.elf.ENjDSa.ltrans0.ltrans.o
 .text.twoway_strstr
                0x0000000000000000      0x236 /tmp/full_tag.elf.ENjDSa.ltrans0.ltrans.o
 .text.memcpy   0x0000000000000000       0x1c /tmp/full_tag.elf.ENjDSa.ltrans0.ltrans.o
 .text.memmove  0x0000000000000000       0x6a /tmp/full_tag.elf.ENjDSa.ltrans0.ltrans.o
 .text.strncmp  0x0000000000000000       0x2e /tmp/full_tag.elf.ENjDSa.ltrans0.ltrans.o
 .text.strcmp   0x0000000000000000       0x1a /tmp/full_tag.elf.ENjDSa.ltrans0.ltrans.o
 .text.strncpy  0x0000000000000000       0x1c /tmp/full_tag.elf.ENjDSa.ltrans0.ltrans.o
 .text.strcpy   0x0000000000000000       0x14 /tmp/full_tag.elf.ENjDSa.ltrans0.ltrans.o
 .text.strnlen  0x0000000000000000       0x2a /tmp/full_tag.elf.ENjDSa.ltrans0.ltrans.o
 .text.mini_vsnprintf
                0x0000000000000000       0x3a /tmp/full_tag.elf.ENjDSa.ltrans0.ltrans.o
 .text.strrchr  0x0000000000000000       0x3c /tmp/full_tag.elf.ENjDSa.ltrans0.ltrans.o
 .text.strchr   0x0000000000000000       0x30 /tmp/full_tag.elf.ENjDSa.ltrans0.ltrans.o
 .text.strstr   0x0000000000000000      0x112 /tmp/full_tag.elf.ENjDSa.ltrans0.ltrans.o
 .text.sprintf  0x0000000000000000       0x28 /tmp/full_tag.elf.ENjDSa.ltrans0.ltrans.o
 .text.snprintf
                0x0000000000000000       0x1c /tmp/full_tag.elf.ENjDSa.ltrans0.ltrans.o
 .text.vprintf  0x0000000000000000       0x16 /tmp/full_tag.elf.ENjDSa.ltrans0.ltrans.o
 .data.ADCPrescTable.lto_priv.0
                0x0000000000000000       0x14 /tmp/full_tag.elf.ENjDSa.ltrans0.ltrans.o
 .data.ADCPrescTable.lto_priv.1
                0x0000000000000000       0x14 /tmp/full_tag.elf.ENjDSa.ltrans0.ltrans.o
 .data.ADCPrescTable.lto_priv.2
                0x0000000000000000       0x14 /tmp/full_tag.elf.ENjDSa.ltrans0.ltrans.o
 .data.APBAHBPrescTable.lto_priv.0
                0x0000000000000000       0x10 /tmp/full_tag.elf.ENjDSa.ltrans0.ltrans.o
 .data.APBAHBPrescTable.lto_priv.1
                0x0000000000000000       0x10 /tmp/full_tag.elf.ENjDSa.ltrans0.ltrans.o
 .data.APBAHBPrescTable.lto_priv.2
                0x0000000000000000       0x10 /tmp/full_tag.elf.ENjDSa.ltrans0.ltrans.o
 .comment       0x0000000000000000        0xf /tmp/full_tag.elf.ENjDSa.ltrans0.ltrans.o
 .comment       0x0000000000000000        0xf /tmp/ccNbXL0d.debug.temp.o
 .comment       0x0000000000000000        0xf /tmp/ccjqF3Na.debug.temp.o
 .comment       0x0000000000000000        0xf /tmp/ccQXE6Na.debug.temp.o
 .data          0x0000000000000000        0x0 ../ch32v003fun/ch32fun/../misc/libgcc.a(div.o)
 .bss           0x0000000000000000        0x0 ../ch32v003fun/ch32fun/../misc/libgcc.a(div.o)

Memory Configuration

Name             Origin             Length             Attributes
FLASH            0x0000000000000000 0x0000000000004000 xr
RAM              0x0000000020000000 0x0000000000000800 xrw
*default*        0x0000000000000000 0xffffffffffffffff

Linker script and memory map

LOAD /tmp/ccydD04v.o
LOAD /tmp/full_tag.elf.ENjDSa.ltrans0.ltrans.o
LOAD /tmp/ccNbXL0d.debug.temp.o
LOAD /tmp/ccjqF3Na.debug.temp.o
LOAD /tmp/ccQXE6Na.debug.temp.o
LOAD /tmp/cc90102v.o
LOAD /tmp/ccZ1foAu.o
LOAD ../ch32v003fun/ch32fun/../misc/libgcc.a

.init           0x0000000000000000       0xa0
                0x0000000000000000                _sinit = .
                0x0000000000000000                . = ALIGN (0x4)
 *(SORT_NONE(.init))
 .init          0x0000000000000000       0x9e /tmp/full_tag.elf.ENjDSa.ltrans0.ltrans.o
                0x0000000000000000                InterruptVector
                0x00000000000000a0                . = ALIGN (0x4)
 *fill*         0x000000000000009e        0x2 
                0x00000000000000a0                _einit = .

.text           0x00000000000000a0     0x121c
                0x00000000000000a0                . = ALIGN (0x4)
 *(.text)
 .text          0x00000000000000a0       0x7e ../ch32v003fun/ch32fun/../misc/libgcc.a(div.o)
                0x00000000000000a0                __divsi3
                0x00000000000000a8                __hidden___udivsi3
                0x00000000000000a8                __udivsi3
                0x00000000000000d4                __umodsi3
                0x00000000000000f8                __modsi3
 *(.text.*)
 .text.internal_handle_input.constprop.0
                0x000000000000011e        0xa /tmp/full_tag.elf.ENjDSa.ltrans0.ltrans.o
 .text._write.constprop.0
                0x0000000000000128       0xe8 /tmp/full_tag.elf.ENjDSa.ltrans0.ltrans.o
 .text.i2c_write.constprop.0
                0x0000000000000210      0x226 /tmp/full_tag.elf.ENjDSa.ltrans0.ltrans.o
 .text.start_blinking
                0x0000000000000436       0x48 /tmp/full_tag.elf.ENjDSa.ltrans0.ltrans.o
 .text.mini_itoa.part.0
                0x000000000000047e       0xbe /tmp/full_tag.elf.ENjDSa.ltrans0.ltrans.o
 .text.DelaySysTick
                0x000000000000053c       0x16 /tmp/full_tag.elf.ENjDSa.ltrans0.ltrans.o
 .text.PrintN   0x0000000000000552       0x56 /tmp/full_tag.elf.ENjDSa.ltrans0.ltrans.o
 .text.mini_pad
                0x00000000000005a8       0x84 /tmp/full_tag.elf.ENjDSa.ltrans0.ltrans.o
 .text.__puts_uart
                0x000000000000062c       0x14 /tmp/full_tag.elf.ENjDSa.ltrans0.ltrans.o
 .text.SystemInit
                0x0000000000000640       0x58 /tmp/full_tag.elf.ENjDSa.ltrans0.ltrans.o
                0x0000000000000640                SystemInit
 .text.vector_handler
                0x0000000000000698       0x5a /tmp/full_tag.elf.ENjDSa.ltrans0.ltrans.o
                0x0000000000000698                EXTI2_IRQHandler
                0x0000000000000698                TIM8_TRG_COM_IRQHandler
                0x0000000000000698                TIM8_CC_IRQHandler
                0x0000000000000698                UART8_IRQHandler
                0x0000000000000698                TIM1_CC_IRQHandler
                0x0000000000000698                HardFault_Handler
                0x0000000000000698                USBPD_IRQHandler
                0x0000000000000698                TIM6_IRQHandler
                0x0000000000000698                SysTick_Handler
                0x0000000000000698                PVD_IRQHandler
                0x0000000000000698                SDIO_IRQHandler
                0x0000000000000698                TIM9_BRK_IRQHandler
                0x0000000000000698                DMA2_Channel8_IRQHandler
                0x0000000000000698                CAN2_RX1_IRQHandler
                0x0000000000000698                EXTI3_IRQHandler
                0x0000000000000698                USBHS_IRQHandler
                0x0000000000000698                DMA2_Channel9_IRQHandler
                0x0000000000000698                TIM10_CC_IRQHandler
                0x0000000000000698                EXTI25_16_IRQHandler
                0x0000000000000698                USBFS_IRQHandler
                0x0000000000000698                EXTI0_IRQHandler
                0x0000000000000698                I2C2_EV_IRQHandler
                0x0000000000000698                TIM10_TRG_COM_IRQHandler
                0x0000000000000698                CAN2_SCE_IRQHandler
                0x0000000000000698                ADC1_2_IRQHandler
                0x0000000000000698                BB_IRQHandler
                0x0000000000000698                Break_Point_Handler
                0x0000000000000698                TIM2_CC_IRQHandler
                0x0000000000000698                SPI1_IRQHandler
                0x0000000000000698                TAMPER_IRQHandler
                0x0000000000000698                AWU_IRQHandler
                0x0000000000000698                EXTI7_0_IRQHandler
                0x0000000000000698                CAN2_RX0_IRQHandler
                0x0000000000000698                OSCWakeUp_IRQHandler
                0x0000000000000698                TIM8_UP_IRQHandler
                0x0000000000000698                Ecall_M_Mode_Handler
                0x0000000000000698                DMA2_Channel2_IRQHandler
                0x0000000000000698                DMA1_Channel4_IRQHandler
                0x0000000000000698                ADC1_IRQHandler
                0x0000000000000698                TIM2_BRK_IRQHandler
                0x0000000000000698                TIM9_UP_IRQHandler
                0x0000000000000698                USART3_IRQHandler
                0x0000000000000698                RTC_IRQHandler
                0x0000000000000698                DMA1_Channel7_IRQHandler
                0x0000000000000698                CAN1_RX1_IRQHandler
                0x0000000000000698                DVP_IRQHandler
                0x0000000000000698                UART5_IRQHandler
                0x0000000000000698                EXTI15_8_IRQHandler
                0x0000000000000698                TIM4_IRQHandler
                0x0000000000000698                DMA2_Channel1_IRQHandler
                0x0000000000000698                USBPD_WKUP_IRQHandler
                0x0000000000000698                I2C1_EV_IRQHandler
                0x0000000000000698                USART4_IRQHandler
                0x0000000000000698                DMA1_Channel6_IRQHandler
                0x0000000000000698                UART4_IRQHandler
                0x0000000000000698                DMA2_Channel4_IRQHandler
                0x0000000000000698                TIM3_IRQHandler
                0x0000000000000698                RCC_IRQHandler
                0x0000000000000698                TIM1_TRG_COM_IRQHandler
                0x0000000000000698                DMA1_Channel1_IRQHandler
                0x0000000000000698                DMA2_Channel7_IRQHandler
                0x0000000000000698                EXTI15_10_IRQHandler
                0x0000000000000698                DMA1_Channel8_IRQHandler
                0x0000000000000698                DefaultIRQHandler
                0x0000000000000698                TIM7_IRQHandler
                0x0000000000000698                CAN2_TX_IRQHandler
                0x0000000000000698                TIM5_IRQHandler
                0x0000000000000698                EXTI9_5_IRQHandler
                0x0000000000000698                PIOC_IRQHandler
                0x0000000000000698                SPI2_IRQHandler
                0x0000000000000698                OSC32KCal_IRQHandler
                0x0000000000000698                TIM10_BRK_IRQHandler
                0x0000000000000698                TIM9_CC_IRQHandler
                0x0000000000000698                DMA2_Channel5_IRQHandler
                0x0000000000000698                USBHSWakeUp_IRQHandler
                0x0000000000000698                DMA1_Channel5_IRQHandler
                0x0000000000000698                EXTI4_IRQHandler
                0x0000000000000698                USB_LP_CAN1_RX0_IRQHandler
                0x0000000000000698                RNG_IRQHandler
                0x0000000000000698                USB_HP_CAN1_TX_IRQHandler
                0x0000000000000698                LLE_IRQHandler
                0x0000000000000698                DMA1_Channel3_IRQHandler
                0x0000000000000698                FSMC_IRQHandler
                0x0000000000000698                ETH_IRQHandler
                0x0000000000000698                TIM1_UP_IRQHandler
                0x0000000000000698                WWDG_IRQHandler
                0x0000000000000698                DMA2_Channel11_IRQHandler
                0x0000000000000698                Ecall_U_Mode_Handler
                0x0000000000000698                DMA2_Channel6_IRQHandler
                0x0000000000000698                TIM2_IRQHandler
                0x0000000000000698                SW_Handler
                0x0000000000000698                TIM1_BRK_IRQHandler
                0x0000000000000698                OPA_IRQHandler
                0x0000000000000698                DMA2_Channel10_IRQHandler
                0x0000000000000698                EXTI1_IRQHandler
                0x0000000000000698                RTCAlarm_IRQHandler
                0x0000000000000698                TIM10_UP_IRQHandler
                0x0000000000000698                TIM9_TRG_COM_IRQHandler
                0x0000000000000698                UART7_IRQHandler
                0x0000000000000698                USART2_IRQHandler
                0x0000000000000698                UART6_IRQHandler
                0x0000000000000698                ETHWakeUp_IRQHandler
                0x0000000000000698                I2C2_ER_IRQHandler
                0x0000000000000698                DMA1_Channel2_IRQHandler
                0x0000000000000698                TIM8_BRK_IRQHandler
                0x0000000000000698                TIM2_TRG_IRQHandler
                0x0000000000000698                CAN1_SCE_IRQHandler
                0x0000000000000698                FLASH_IRQHandler
                0x0000000000000698                USBFSWakeUp_IRQHandler
                0x0000000000000698                USART1_IRQHandler
                0x0000000000000698                OTG_FS_IRQHandler
                0x0000000000000698                SPI3_IRQHandler
                0x0000000000000698                USBFS_WakeUp_IRQHandler
                0x0000000000000698                I2C1_ER_IRQHandler
                0x0000000000000698                USBWakeUp_IRQHandler
                0x0000000000000698                DMA2_Channel3_IRQHandler
                0x00000000000006e4                NMI_Handler
                0x00000000000006e4                NMI_RCC_CSS_IRQHandler
 .text.memset   0x00000000000006f2       0x12 /tmp/full_tag.elf.ENjDSa.ltrans0.ltrans.o
                0x00000000000006f2                memset
 .text.strlen   0x0000000000000704       0x12 /tmp/full_tag.elf.ENjDSa.ltrans0.ltrans.o
                0x0000000000000704                strlen
 .text.mini_vpprintf
                0x0000000000000716      0x1ae /tmp/full_tag.elf.ENjDSa.ltrans0.ltrans.o
 .text.puts     0x00000000000008c4       0x30 /tmp/full_tag.elf.ENjDSa.ltrans0.ltrans.o
                0x00000000000008c4                puts
 .text.read_bank_into_ntag
                0x00000000000008f4       0x8e /tmp/full_tag.elf.ENjDSa.ltrans0.ltrans.o
 .text.printf   0x0000000000000982       0x26 /tmp/full_tag.elf.ENjDSa.ltrans0.ltrans.o
                0x0000000000000982                printf
 .text.startup.main
                0x00000000000009a8      0x796 /tmp/full_tag.elf.ENjDSa.ltrans0.ltrans.o
                0x00000000000009a8                main
 .text.handle_reset
                0x000000000000113e       0x7c /tmp/full_tag.elf.ENjDSa.ltrans0.ltrans.o
                0x000000000000113e                handle_reset
 *(.rodata)
 *(.rodata*)
 *fill*         0x00000000000011ba        0x2 
 .rodata.puts.str1.4
                0x00000000000011bc        0x2 /tmp/full_tag.elf.ENjDSa.ltrans0.ltrans.o
 *fill*         0x00000000000011be        0x2 
 .rodata.read_bank_into_ntag.str1.4
                0x00000000000011c0       0x18 /tmp/full_tag.elf.ENjDSa.ltrans0.ltrans.o
 .rodata.main.str1.4
                0x00000000000011d8       0xd2 /tmp/full_tag.elf.ENjDSa.ltrans0.ltrans.o
 *fill*         0x00000000000012aa        0x2 
 .rodata.bank_addrs
                0x00000000000012ac       0x10 /tmp/full_tag.elf.ENjDSa.ltrans0.ltrans.o
 *(.gnu.linkonce.t.*)
                0x00000000000012bc                . = ALIGN (0x4)

.rela.dyn       0x00000000000012bc        0x0
 .rela.text.mini_vpprintf
                0x00000000000012bc        0x0 /tmp/full_tag.elf.ENjDSa.ltrans0.ltrans.o
 .rela.text.puts
                0x00000000000012bc        0x0 /tmp/full_tag.elf.ENjDSa.ltrans0.ltrans.o
 .rela.text.read_bank_into_ntag
                0x00000000000012bc        0x0 /tmp/full_tag.elf.ENjDSa.ltrans0.ltrans.o
 .rela.text.startup.main
                0x00000000000012bc        0x0 /tmp/full_tag.elf.ENjDSa.ltrans0.ltrans.o
 .rela.text.handle_reset
                0x00000000000012bc        0x0 /tmp/full_tag.elf.ENjDSa.ltrans0.ltrans.o

.fini           0x00000000000012bc        0x0
 *(SORT_NONE(.fini))
                0x00000000000012bc                . = ALIGN (0x4)
                [!provide]                        PROVIDE (_etext = .)
                [!provide]                        PROVIDE (_eitcm = .)

.preinit_array  0x00000000000012bc        0x0
                [!provide]                        PROVIDE (__preinit_array_start = .)
 *(.preinit_array)
                [!provide]                        PROVIDE (__preinit_array_end = .)

.init_array     0x00000000000012bc        0x0
                [!provide]                        PROVIDE (__init_array_start = .)
 *(SORT_BY_INIT_PRIORITY(.init_array.*) SORT_BY_INIT_PRIORITY(.ctors.*))
 *(.init_array EXCLUDE_FILE(*crtend?.o *crtend.o *crtbegin?.o *crtbegin.o) .ctors)
                [!provide]                        PROVIDE (__init_array_end = .)

.fini_array     0x00000000000012bc        0x0
                [!provide]                        PROVIDE (__fini_array_start = .)
 *(SORT_BY_INIT_PRIORITY(.fini_array.*) SORT_BY_INIT_PRIORITY(.dtors.*))
 *(.fini_array EXCLUDE_FILE(*crtend?.o *crtend.o *crtbegin?.o *crtbegin.o) .dtors)
                [!provide]                        PROVIDE (__fini_array_end = .)

.ctors
 *crtbegin.o(.ctors)
 *crtbegin?.o(.ctors)
 *(EXCLUDE_FILE(*crtend?.o *crtend.o) .ctors)
 *(SORT_BY_NAME(.ctors.*))
 *(.ctors)

.dtors
 *crtbegin.o(.dtors)
 *crtbegin?.o(.dtors)
 *(EXCLUDE_FILE(*crtend?.o *crtend.o) .dtors)
 *(SORT_BY_NAME(.dtors.*))
 *(.dtors)

.dalign         0x0000000020000000        0x0 load address 0x00000000000012bc
                0x0000000020000000                . = ALIGN (0x4)
                0x0000000020000000                PROVIDE (_data_vma = .)

.dlalign        0x00000000000012bc        0x0
                0x00000000000012bc                . = ALIGN (0x4)
                0x00000000000012bc                PROVIDE (_data_lma = .)

.data           0x0000000020000000        0x0 load address 0x00000000000012bc
                0x0000000020000000                . = ALIGN (0x4)
 *(.gnu.linkonce.r.*)
 *(.data .data.*)
 *(.gnu.linkonce.d.*)
                0x0000000020000000                . = ALIGN (0x8)
                0x0000000020000800                PROVIDE (__global_pointer$ = (. + 0x800))
 *(.sdata .sdata.*)
 *(.sdata2*)
 *(.gnu.linkonce.s.*)
                0x0000000020000000                . = ALIGN (0x8)
 *(.srodata.cst16)
 *(.srodata.cst8)
 *(.srodata.cst4)
 *(.srodata.cst2)
 *(.srodata .srodata.*)
                0x0000000020000000                . = ALIGN (0x4)
                0x0000000020000000                PROVIDE (_edata = .)

.bss            0x0000000020000000       0x14 load address 0x00000000000012bc
                0x0000000020000000                . = ALIGN (0x4)
                0x0000000020000000                PROVIDE (_sbss = .)
 *(.sbss*)
 .sbss.blink_start
                0x0000000020000000        0x4 /tmp/full_tag.elf.ENjDSa.ltrans0.ltrans.o
 .sbss.button_1_press_start
                0x0000000020000004        0x4 /tmp/full_tag.elf.ENjDSa.ltrans0.ltrans.o
 .sbss.button_1_pressed
                0x0000000020000008        0x1 /tmp/full_tag.elf.ENjDSa.ltrans0.ltrans.o
 .sbss.button_2_pressed
                0x0000000020000009        0x1 /tmp/full_tag.elf.ENjDSa.ltrans0.ltrans.o
 .sbss.count    0x000000002000000a        0x1 /tmp/full_tag.elf.ENjDSa.ltrans0.ltrans.o
 .sbss.is_blinking
                0x000000002000000b        0x1 /tmp/full_tag.elf.ENjDSa.ltrans0.ltrans.o
 .sbss.last_interaction
                0x000000002000000c        0x4 /tmp/full_tag.elf.ENjDSa.ltrans0.ltrans.o
 .sbss.led_state
                0x0000000020000010        0x1 /tmp/full_tag.elf.ENjDSa.ltrans0.ltrans.o
 .sbss.mode     0x0000000020000011        0x1 /tmp/full_tag.elf.ENjDSa.ltrans0.ltrans.o
 .sbss.target_long_blinks
                0x0000000020000012        0x1 /tmp/full_tag.elf.ENjDSa.ltrans0.ltrans.o
 .sbss.target_short_blinks
                0x0000000020000013        0x1 /tmp/full_tag.elf.ENjDSa.ltrans0.ltrans.o
 *(.gnu.linkonce.sb.*)
 *(.bss*)
 *(.gnu.linkonce.b.*)
 *(COMMON*)
                0x0000000020000014                . = ALIGN (0x4)
                0x0000000020000014                PROVIDE (_ebss = .)
                [!provide]                        PROVIDE (_end = _ebss)
                [!provide]                        PROVIDE (end = .)
                0x0000000020000800                PROVIDE (_eusrstack = (ORIGIN (RAM) + LENGTH (RAM)))

/DISCARD/
 *(.note .note.*)
 *(.eh_frame .eh_frame.*)
 *(.comment .comment.*)
 *(.ARM.extab* .gnu.linkonce.armextab.*)
 *(.ARM.exidx*)
OUTPUT(full_tag.elf elf32-littleriscv)

.riscv.attributes
                0x0000000000000000       0x21
 .riscv.attributes
                0x0000000000000000       0x21 /tmp/full_tag.elf.ENjDSa.ltrans0.ltrans.o
 .riscv.attributes
                0x0000000000000021       0x1f ../ch32v003fun/ch32fun/../misc/libgcc.a(div.o)

.debug_info     0x0000000000000000     0x45ce
 .debug_info    0x0000000000000000     0x15c2 /tmp/full_tag.elf.ENjDSa.ltrans0.ltrans.o
 .debug_info    0x00000000000015c2     0x1a3c /tmp/ccNbXL0d.debug.temp.o
                0x00000000000015c2                ch32fun.c.60bab88f
 .debug_info    0x0000000000002ffe      0xfbd /tmp/ccjqF3Na.debug.temp.o
                0x0000000000002ffe                full_tag.c.b3d890f9
 .debug_info    0x0000000000003fbb      0x5b6 /tmp/ccQXE6Na.debug.temp.o
                0x0000000000003fbb                lib_i2c.c.e7f16be4
 .debug_info    0x0000000000004571       0x5d ../ch32v003fun/ch32fun/../misc/libgcc.a(div.o)

.debug_abbrev   0x0000000000000000      0x948
 .debug_abbrev  0x0000000000000000      0x1d4 /tmp/full_tag.elf.ENjDSa.ltrans0.ltrans.o
 .debug_abbrev  0x00000000000001d4      0x2f0 /tmp/ccNbXL0d.debug.temp.o
 .debug_abbrev  0x00000000000004c4      0x2e1 /tmp/ccjqF3Na.debug.temp.o
 .debug_abbrev  0x00000000000007a5      0x17b /tmp/ccQXE6Na.debug.temp.o
 .debug_abbrev  0x0000000000000920       0x28 ../ch32v003fun/ch32fun/../misc/libgcc.a(div.o)

.debug_loc      0x0000000000000000     0x2905
 .debug_loc     0x0000000000000000     0x2905 /tmp/full_tag.elf.ENjDSa.ltrans0.ltrans.o

.debug_aranges  0x0000000000000000      0x178
 .debug_aranges
                0x0000000000000000      0x158 /tmp/full_tag.elf.ENjDSa.ltrans0.ltrans.o
 .debug_aranges
                0x0000000000000158       0x20 ../ch32v003fun/ch32fun/../misc/libgcc.a(div.o)

.debug_ranges   0x0000000000000000      0x6b8
 .debug_ranges  0x0000000000000000      0x6b8 /tmp/full_tag.elf.ENjDSa.ltrans0.ltrans.o

.debug_line     0x0000000000000000     0x3e96
 .debug_line    0x0000000000000000     0x3a01 /tmp/full_tag.elf.ENjDSa.ltrans0.ltrans.o
 .debug_line    0x0000000000003a01      0x13b /tmp/ccNbXL0d.debug.temp.o
 .debug_line    0x0000000000003b3c      0x153 /tmp/ccjqF3Na.debug.temp.o
 .debug_line    0x0000000000003c8f       0xb4 /tmp/ccQXE6Na.debug.temp.o
 .debug_line    0x0000000000003d43      0x153 ../ch32v003fun/ch32fun/../misc/libgcc.a(div.o)

.debug_str      0x0000000000000000      0xfc2
 .debug_str     0x0000000000000000      0x13a /tmp/full_tag.elf.ENjDSa.ltrans0.ltrans.o
                                        0x148 (size before relaxing)
 .debug_str     0x000000000000013a      0x9c2 /tmp/ccNbXL0d.debug.temp.o
                                        0xaf9 (size before relaxing)
 .debug_str     0x0000000000000afc      0x2d2 /tmp/ccjqF3Na.debug.temp.o
                                        0x935 (size before relaxing)
 .debug_str     0x0000000000000dce      0x125 /tmp/ccQXE6Na.debug.temp.o
                                        0x417 (size before relaxing)
 .debug_str     0x0000000000000ef3       0xcf ../ch32v003fun/ch32fun/../misc/libgcc.a(div.o)
                                         0xd9 (size before relaxing)

.debug_frame    0x0000000000000000      0x3ec
 .debug_frame   0x0000000000000000      0x3ec /tmp/full_tag.elf.ENjDSa.ltrans0.ltrans.o

.debug_line_str
                0x0000000000000000       0x92
 .debug_line_str
                0x0000000000000000       0x92 ../ch32v003fun/ch32fun/../misc/libgcc.a(div.o)
