Archive member included to satisfy reference by file (symbol)

../ch32v003fun/ch32fun/../misc/libgcc.a(div.o)
                              /tmp/full_tag.elf.RQF1Wg.ltrans0.ltrans.o (__udivsi3)

Discarded input sections

 .text          0x0000000000000000        0x0 /tmp/full_tag.elf.RQF1Wg.ltrans0.ltrans.o
 .data          0x0000000000000000        0x0 /tmp/full_tag.elf.RQF1Wg.ltrans0.ltrans.o
 .bss           0x0000000000000000        0x0 /tmp/full_tag.elf.RQF1Wg.ltrans0.ltrans.o
 .text._puts    0x0000000000000000       0x42 /tmp/full_tag.elf.RQF1Wg.ltrans0.ltrans.o
 .text.putchar  0x0000000000000000       0x72 /tmp/full_tag.elf.RQF1Wg.ltrans0.ltrans.o
 .text.memchr   0x0000000000000000       0x1c /tmp/full_tag.elf.RQF1Wg.ltrans0.ltrans.o
 .text.memcmp   0x0000000000000000       0x26 /tmp/full_tag.elf.RQF1Wg.ltrans0.ltrans.o
 .text.twoway_strstr
                0x0000000000000000      0x236 /tmp/full_tag.elf.RQF1Wg.ltrans0.ltrans.o
 .text.memcpy   0x0000000000000000       0x1c /tmp/full_tag.elf.RQF1Wg.ltrans0.ltrans.o
 .text.memmove  0x0000000000000000       0x6a /tmp/full_tag.elf.RQF1Wg.ltrans0.ltrans.o
 .text.strncmp  0x0000000000000000       0x2e /tmp/full_tag.elf.RQF1Wg.ltrans0.ltrans.o
 .text.strcmp   0x0000000000000000       0x1a /tmp/full_tag.elf.RQF1Wg.ltrans0.ltrans.o
 .text.strncpy  0x0000000000000000       0x1c /tmp/full_tag.elf.RQF1Wg.ltrans0.ltrans.o
 .text.strcpy   0x0000000000000000       0x14 /tmp/full_tag.elf.RQF1Wg.ltrans0.ltrans.o
 .text.strnlen  0x0000000000000000       0x2a /tmp/full_tag.elf.RQF1Wg.ltrans0.ltrans.o
 .text.mini_vsnprintf
                0x0000000000000000       0x3a /tmp/full_tag.elf.RQF1Wg.ltrans0.ltrans.o
 .text.strrchr  0x0000000000000000       0x3c /tmp/full_tag.elf.RQF1Wg.ltrans0.ltrans.o
 .text.strchr   0x0000000000000000       0x30 /tmp/full_tag.elf.RQF1Wg.ltrans0.ltrans.o
 .text.strstr   0x0000000000000000      0x112 /tmp/full_tag.elf.RQF1Wg.ltrans0.ltrans.o
 .text.sprintf  0x0000000000000000       0x28 /tmp/full_tag.elf.RQF1Wg.ltrans0.ltrans.o
 .text.snprintf
                0x0000000000000000       0x1c /tmp/full_tag.elf.RQF1Wg.ltrans0.ltrans.o
 .text.vprintf  0x0000000000000000       0x16 /tmp/full_tag.elf.RQF1Wg.ltrans0.ltrans.o
 .data.ADCPrescTable.lto_priv.0
                0x0000000000000000       0x14 /tmp/full_tag.elf.RQF1Wg.ltrans0.ltrans.o
 .data.ADCPrescTable.lto_priv.1
                0x0000000000000000       0x14 /tmp/full_tag.elf.RQF1Wg.ltrans0.ltrans.o
 .data.ADCPrescTable.lto_priv.2
                0x0000000000000000       0x14 /tmp/full_tag.elf.RQF1Wg.ltrans0.ltrans.o
 .data.APBAHBPrescTable.lto_priv.0
                0x0000000000000000       0x10 /tmp/full_tag.elf.RQF1Wg.ltrans0.ltrans.o
 .data.APBAHBPrescTable.lto_priv.1
                0x0000000000000000       0x10 /tmp/full_tag.elf.RQF1Wg.ltrans0.ltrans.o
 .data.APBAHBPrescTable.lto_priv.2
                0x0000000000000000       0x10 /tmp/full_tag.elf.RQF1Wg.ltrans0.ltrans.o
 .comment       0x0000000000000000        0xf /tmp/full_tag.elf.RQF1Wg.ltrans0.ltrans.o
 .comment       0x0000000000000000        0xf /tmp/ccAGaMnf.debug.temp.o
 .comment       0x0000000000000000        0xf /tmp/ccvVKjxg.debug.temp.o
 .comment       0x0000000000000000        0xf /tmp/ccagrqUe.debug.temp.o
 .data          0x0000000000000000        0x0 ../ch32v003fun/ch32fun/../misc/libgcc.a(div.o)
 .bss           0x0000000000000000        0x0 ../ch32v003fun/ch32fun/../misc/libgcc.a(div.o)

Memory Configuration

Name             Origin             Length             Attributes
FLASH            0x0000000000000000 0x0000000000004000 xr
RAM              0x0000000020000000 0x0000000000000800 xrw
*default*        0x0000000000000000 0xffffffffffffffff

Linker script and memory map

LOAD /tmp/ccMG12Fw.o
LOAD /tmp/full_tag.elf.RQF1Wg.ltrans0.ltrans.o
LOAD /tmp/ccAGaMnf.debug.temp.o
LOAD /tmp/ccvVKjxg.debug.temp.o
LOAD /tmp/ccagrqUe.debug.temp.o
LOAD /tmp/ccvssCuw.o
LOAD /tmp/ccskXYXv.o
LOAD ../ch32v003fun/ch32fun/../misc/libgcc.a

.init           0x0000000000000000       0xa0
                0x0000000000000000                _sinit = .
                0x0000000000000000                . = ALIGN (0x4)
 *(SORT_NONE(.init))
 .init          0x0000000000000000       0x9e /tmp/full_tag.elf.RQF1Wg.ltrans0.ltrans.o
                0x0000000000000000                InterruptVector
                0x00000000000000a0                . = ALIGN (0x4)
 *fill*         0x000000000000009e        0x2 
                0x00000000000000a0                _einit = .

.text           0x00000000000000a0     0x14fc
                0x00000000000000a0                . = ALIGN (0x4)
 *(.text)
 .text          0x00000000000000a0       0x7e ../ch32v003fun/ch32fun/../misc/libgcc.a(div.o)
                0x00000000000000a0                __divsi3
                0x00000000000000a8                __hidden___udivsi3
                0x00000000000000a8                __udivsi3
                0x00000000000000d4                __umodsi3
                0x00000000000000f8                __modsi3
 *(.text.*)
 .text.internal_handle_input.constprop.0
                0x000000000000011e        0xa /tmp/full_tag.elf.RQF1Wg.ltrans0.ltrans.o
 .text._write.constprop.0
                0x0000000000000128       0xe8 /tmp/full_tag.elf.RQF1Wg.ltrans0.ltrans.o
 .text.i2c_write.constprop.0
                0x0000000000000210      0x224 /tmp/full_tag.elf.RQF1Wg.ltrans0.ltrans.o
 .text.i2c_read.constprop.0
                0x0000000000000434      0x20e /tmp/full_tag.elf.RQF1Wg.ltrans0.ltrans.o
 .text.__disable_irq
                0x0000000000000642        0xe /tmp/full_tag.elf.RQF1Wg.ltrans0.ltrans.o
 .text.__enable_irq
                0x0000000000000650        0xe /tmp/full_tag.elf.RQF1Wg.ltrans0.ltrans.o
 .text.mini_itoa.part.0
                0x000000000000065e       0xbe /tmp/full_tag.elf.RQF1Wg.ltrans0.ltrans.o
 .text.DelaySysTick
                0x000000000000071c       0x16 /tmp/full_tag.elf.RQF1Wg.ltrans0.ltrans.o
 .text.PrintN   0x0000000000000732       0x56 /tmp/full_tag.elf.RQF1Wg.ltrans0.ltrans.o
 .text.mini_pad
                0x0000000000000788       0x84 /tmp/full_tag.elf.RQF1Wg.ltrans0.ltrans.o
 .text.__puts_uart
                0x000000000000080c       0x14 /tmp/full_tag.elf.RQF1Wg.ltrans0.ltrans.o
 .text.SystemInit
                0x0000000000000820       0x58 /tmp/full_tag.elf.RQF1Wg.ltrans0.ltrans.o
                0x0000000000000820                SystemInit
 .text.vector_handler
                0x0000000000000878       0x5a /tmp/full_tag.elf.RQF1Wg.ltrans0.ltrans.o
                0x0000000000000878                EXTI2_IRQHandler
                0x0000000000000878                TIM8_TRG_COM_IRQHandler
                0x0000000000000878                TIM8_CC_IRQHandler
                0x0000000000000878                UART8_IRQHandler
                0x0000000000000878                TIM1_CC_IRQHandler
                0x0000000000000878                HardFault_Handler
                0x0000000000000878                USBPD_IRQHandler
                0x0000000000000878                TIM6_IRQHandler
                0x0000000000000878                SysTick_Handler
                0x0000000000000878                PVD_IRQHandler
                0x0000000000000878                SDIO_IRQHandler
                0x0000000000000878                TIM9_BRK_IRQHandler
                0x0000000000000878                DMA2_Channel8_IRQHandler
                0x0000000000000878                CAN2_RX1_IRQHandler
                0x0000000000000878                EXTI3_IRQHandler
                0x0000000000000878                USBHS_IRQHandler
                0x0000000000000878                DMA2_Channel9_IRQHandler
                0x0000000000000878                TIM10_CC_IRQHandler
                0x0000000000000878                EXTI25_16_IRQHandler
                0x0000000000000878                USBFS_IRQHandler
                0x0000000000000878                EXTI0_IRQHandler
                0x0000000000000878                I2C2_EV_IRQHandler
                0x0000000000000878                TIM10_TRG_COM_IRQHandler
                0x0000000000000878                CAN2_SCE_IRQHandler
                0x0000000000000878                ADC1_2_IRQHandler
                0x0000000000000878                BB_IRQHandler
                0x0000000000000878                Break_Point_Handler
                0x0000000000000878                TIM2_CC_IRQHandler
                0x0000000000000878                SPI1_IRQHandler
                0x0000000000000878                TAMPER_IRQHandler
                0x0000000000000878                AWU_IRQHandler
                0x0000000000000878                EXTI7_0_IRQHandler
                0x0000000000000878                CAN2_RX0_IRQHandler
                0x0000000000000878                OSCWakeUp_IRQHandler
                0x0000000000000878                TIM8_UP_IRQHandler
                0x0000000000000878                Ecall_M_Mode_Handler
                0x0000000000000878                DMA2_Channel2_IRQHandler
                0x0000000000000878                DMA1_Channel4_IRQHandler
                0x0000000000000878                ADC1_IRQHandler
                0x0000000000000878                TIM2_BRK_IRQHandler
                0x0000000000000878                TIM9_UP_IRQHandler
                0x0000000000000878                USART3_IRQHandler
                0x0000000000000878                RTC_IRQHandler
                0x0000000000000878                DMA1_Channel7_IRQHandler
                0x0000000000000878                CAN1_RX1_IRQHandler
                0x0000000000000878                DVP_IRQHandler
                0x0000000000000878                UART5_IRQHandler
                0x0000000000000878                EXTI15_8_IRQHandler
                0x0000000000000878                TIM4_IRQHandler
                0x0000000000000878                DMA2_Channel1_IRQHandler
                0x0000000000000878                USBPD_WKUP_IRQHandler
                0x0000000000000878                I2C1_EV_IRQHandler
                0x0000000000000878                USART4_IRQHandler
                0x0000000000000878                DMA1_Channel6_IRQHandler
                0x0000000000000878                UART4_IRQHandler
                0x0000000000000878                DMA2_Channel4_IRQHandler
                0x0000000000000878                TIM3_IRQHandler
                0x0000000000000878                RCC_IRQHandler
                0x0000000000000878                TIM1_TRG_COM_IRQHandler
                0x0000000000000878                DMA1_Channel1_IRQHandler
                0x0000000000000878                DMA2_Channel7_IRQHandler
                0x0000000000000878                EXTI15_10_IRQHandler
                0x0000000000000878                DMA1_Channel8_IRQHandler
                0x0000000000000878                DefaultIRQHandler
                0x0000000000000878                TIM7_IRQHandler
                0x0000000000000878                CAN2_TX_IRQHandler
                0x0000000000000878                TIM5_IRQHandler
                0x0000000000000878                EXTI9_5_IRQHandler
                0x0000000000000878                PIOC_IRQHandler
                0x0000000000000878                SPI2_IRQHandler
                0x0000000000000878                OSC32KCal_IRQHandler
                0x0000000000000878                TIM10_BRK_IRQHandler
                0x0000000000000878                TIM9_CC_IRQHandler
                0x0000000000000878                DMA2_Channel5_IRQHandler
                0x0000000000000878                USBHSWakeUp_IRQHandler
                0x0000000000000878                DMA1_Channel5_IRQHandler
                0x0000000000000878                EXTI4_IRQHandler
                0x0000000000000878                USB_LP_CAN1_RX0_IRQHandler
                0x0000000000000878                RNG_IRQHandler
                0x0000000000000878                USB_HP_CAN1_TX_IRQHandler
                0x0000000000000878                LLE_IRQHandler
                0x0000000000000878                DMA1_Channel3_IRQHandler
                0x0000000000000878                FSMC_IRQHandler
                0x0000000000000878                ETH_IRQHandler
                0x0000000000000878                TIM1_UP_IRQHandler
                0x0000000000000878                WWDG_IRQHandler
                0x0000000000000878                DMA2_Channel11_IRQHandler
                0x0000000000000878                Ecall_U_Mode_Handler
                0x0000000000000878                DMA2_Channel6_IRQHandler
                0x0000000000000878                TIM2_IRQHandler
                0x0000000000000878                SW_Handler
                0x0000000000000878                TIM1_BRK_IRQHandler
                0x0000000000000878                OPA_IRQHandler
                0x0000000000000878                DMA2_Channel10_IRQHandler
                0x0000000000000878                EXTI1_IRQHandler
                0x0000000000000878                RTCAlarm_IRQHandler
                0x0000000000000878                TIM10_UP_IRQHandler
                0x0000000000000878                TIM9_TRG_COM_IRQHandler
                0x0000000000000878                UART7_IRQHandler
                0x0000000000000878                USART2_IRQHandler
                0x0000000000000878                UART6_IRQHandler
                0x0000000000000878                ETHWakeUp_IRQHandler
                0x0000000000000878                I2C2_ER_IRQHandler
                0x0000000000000878                DMA1_Channel2_IRQHandler
                0x0000000000000878                TIM8_BRK_IRQHandler
                0x0000000000000878                TIM2_TRG_IRQHandler
                0x0000000000000878                CAN1_SCE_IRQHandler
                0x0000000000000878                FLASH_IRQHandler
                0x0000000000000878                USBFSWakeUp_IRQHandler
                0x0000000000000878                USART1_IRQHandler
                0x0000000000000878                OTG_FS_IRQHandler
                0x0000000000000878                SPI3_IRQHandler
                0x0000000000000878                USBFS_WakeUp_IRQHandler
                0x0000000000000878                I2C1_ER_IRQHandler
                0x0000000000000878                USBWakeUp_IRQHandler
                0x0000000000000878                DMA2_Channel3_IRQHandler
                0x00000000000008c4                NMI_Handler
                0x00000000000008c4                NMI_RCC_CSS_IRQHandler
 .text.memset   0x00000000000008d2       0x12 /tmp/full_tag.elf.RQF1Wg.ltrans0.ltrans.o
                0x00000000000008d2                memset
 .text.strlen   0x00000000000008e4       0x12 /tmp/full_tag.elf.RQF1Wg.ltrans0.ltrans.o
                0x00000000000008e4                strlen
 .text.mini_vpprintf
                0x00000000000008f6      0x1ae /tmp/full_tag.elf.RQF1Wg.ltrans0.ltrans.o
 .text.puts     0x0000000000000aa4       0x30 /tmp/full_tag.elf.RQF1Wg.ltrans0.ltrans.o
                0x0000000000000aa4                puts
 .text.printf   0x0000000000000ad4       0x28 /tmp/full_tag.elf.RQF1Wg.ltrans0.ltrans.o
                0x0000000000000ad4                printf
 .text.start_blinking
                0x0000000000000afc       0x5e /tmp/full_tag.elf.RQF1Wg.ltrans0.ltrans.o
 .text.get_active_bank
                0x0000000000000b5a       0x44 /tmp/full_tag.elf.RQF1Wg.ltrans0.ltrans.o
 .text.startup.main
                0x0000000000000b9e      0x6b2 /tmp/full_tag.elf.RQF1Wg.ltrans0.ltrans.o
                0x0000000000000b9e                main
 .text.handle_reset
                0x0000000000001250       0x78 /tmp/full_tag.elf.RQF1Wg.ltrans0.ltrans.o
                0x0000000000001250                handle_reset
 *(.rodata)
 *(.rodata*)
 .rodata.puts.str1.4
                0x00000000000012c8        0x0 /tmp/full_tag.elf.RQF1Wg.ltrans0.ltrans.o
                                          0x2 (size before relaxing)
 *fill*         0x00000000000012c8        0x0 
 .rodata.start_blinking.str1.4
                0x00000000000012c8       0x1f /tmp/full_tag.elf.RQF1Wg.ltrans0.ltrans.o
 *fill*         0x00000000000012e7        0x1 
 .rodata.get_active_bank.str1.4
                0x00000000000012e8       0x20 /tmp/full_tag.elf.RQF1Wg.ltrans0.ltrans.o
 .rodata.main.str1.4
                0x0000000000001308      0x282 /tmp/full_tag.elf.RQF1Wg.ltrans0.ltrans.o
 *fill*         0x000000000000158a        0x2 
 .rodata.bank_addrs
                0x000000000000158c       0x10 /tmp/full_tag.elf.RQF1Wg.ltrans0.ltrans.o
 *(.gnu.linkonce.t.*)
                0x000000000000159c                . = ALIGN (0x4)

.fini           0x000000000000159c        0x0
 *(SORT_NONE(.fini))
                0x000000000000159c                . = ALIGN (0x4)
                [!provide]                        PROVIDE (_etext = .)
                [!provide]                        PROVIDE (_eitcm = .)

.preinit_array  0x000000000000159c        0x0
                [!provide]                        PROVIDE (__preinit_array_start = .)
 *(.preinit_array)
                [!provide]                        PROVIDE (__preinit_array_end = .)

.init_array     0x000000000000159c        0x0
                [!provide]                        PROVIDE (__init_array_start = .)
 *(SORT_BY_INIT_PRIORITY(.init_array.*) SORT_BY_INIT_PRIORITY(.ctors.*))
 *(.init_array EXCLUDE_FILE(*crtend?.o *crtend.o *crtbegin?.o *crtbegin.o) .ctors)
                [!provide]                        PROVIDE (__init_array_end = .)

.fini_array     0x000000000000159c        0x0
                [!provide]                        PROVIDE (__fini_array_start = .)
 *(SORT_BY_INIT_PRIORITY(.fini_array.*) SORT_BY_INIT_PRIORITY(.dtors.*))
 *(.fini_array EXCLUDE_FILE(*crtend?.o *crtend.o *crtbegin?.o *crtbegin.o) .dtors)
                [!provide]                        PROVIDE (__fini_array_end = .)

.ctors
 *crtbegin.o(.ctors)
 *crtbegin?.o(.ctors)
 *(EXCLUDE_FILE(*crtend?.o *crtend.o) .ctors)
 *(SORT_BY_NAME(.ctors.*))
 *(.ctors)

.dtors
 *crtbegin.o(.dtors)
 *crtbegin?.o(.dtors)
 *(EXCLUDE_FILE(*crtend?.o *crtend.o) .dtors)
 *(SORT_BY_NAME(.dtors.*))
 *(.dtors)

.dalign         0x0000000020000000        0x0 load address 0x000000000000159c
                0x0000000020000000                . = ALIGN (0x4)
                0x0000000020000000                PROVIDE (_data_vma = .)

.dlalign        0x000000000000159c        0x0
                0x000000000000159c                . = ALIGN (0x4)
                0x000000000000159c                PROVIDE (_data_lma = .)

.data           0x0000000020000000      0x208 load address 0x000000000000159c
                0x0000000020000000                . = ALIGN (0x4)
 *(.gnu.linkonce.r.*)
 *(.data .data.*)
 *(.gnu.linkonce.d.*)
                0x0000000020000000                . = ALIGN (0x8)
                0x0000000020000800                PROVIDE (__global_pointer$ = (. + 0x800))
 *(.sdata .sdata.*)
 *(.sdata2*)
 *(.gnu.linkonce.s.*)
                0x0000000020000000                . = ALIGN (0x8)
 *(.srodata.cst16)
 *(.srodata.cst8)
 *(.srodata.cst4)
 *(.srodata.cst2)
 *(.srodata .srodata.*)
 .srodata       0x0000000020000000      0x208 /tmp/full_tag.elf.RQF1Wg.ltrans0.ltrans.o
                0x0000000020000208                . = ALIGN (0x4)
                0x0000000020000208                PROVIDE (_edata = .)

.rela.dyn       0x0000000020000208        0x0 load address 0x00000000000017a4
 .rela.text.mini_vpprintf
                0x0000000020000208        0x0 /tmp/full_tag.elf.RQF1Wg.ltrans0.ltrans.o
 .rela.text.puts
                0x0000000020000208        0x0 /tmp/full_tag.elf.RQF1Wg.ltrans0.ltrans.o
 .rela.text.start_blinking
                0x0000000020000208        0x0 /tmp/full_tag.elf.RQF1Wg.ltrans0.ltrans.o
 .rela.text.get_active_bank
                0x0000000020000208        0x0 /tmp/full_tag.elf.RQF1Wg.ltrans0.ltrans.o
 .rela.text.startup.main
                0x0000000020000208        0x0 /tmp/full_tag.elf.RQF1Wg.ltrans0.ltrans.o
 .rela.text.handle_reset
                0x0000000020000208        0x0 /tmp/full_tag.elf.RQF1Wg.ltrans0.ltrans.o

.bss            0x0000000020000208       0x18 load address 0x00000000000017a4
                0x0000000020000208                . = ALIGN (0x4)
                0x0000000020000208                PROVIDE (_sbss = .)
 *(.sbss*)
 .sbss.bank     0x0000000020000208        0x1 /tmp/full_tag.elf.RQF1Wg.ltrans0.ltrans.o
 *fill*         0x0000000020000209        0x3 
 .sbss.blink_start
                0x000000002000020c        0x4 /tmp/full_tag.elf.RQF1Wg.ltrans0.ltrans.o
 .sbss.button_1_press_start
                0x0000000020000210        0x4 /tmp/full_tag.elf.RQF1Wg.ltrans0.ltrans.o
 .sbss.button_1_pressed
                0x0000000020000214        0x1 /tmp/full_tag.elf.RQF1Wg.ltrans0.ltrans.o
 .sbss.button_2_pressed_last
                0x0000000020000215        0x1 /tmp/full_tag.elf.RQF1Wg.ltrans0.ltrans.o
 .sbss.count    0x0000000020000216        0x1 /tmp/full_tag.elf.RQF1Wg.ltrans0.ltrans.o
 .sbss.is_blinking
                0x0000000020000217        0x1 /tmp/full_tag.elf.RQF1Wg.ltrans0.ltrans.o
 .sbss.last_interaction
                0x0000000020000218        0x4 /tmp/full_tag.elf.RQF1Wg.ltrans0.ltrans.o
 .sbss.led_state
                0x000000002000021c        0x1 /tmp/full_tag.elf.RQF1Wg.ltrans0.ltrans.o
 .sbss.mode     0x000000002000021d        0x1 /tmp/full_tag.elf.RQF1Wg.ltrans0.ltrans.o
 .sbss.target_long_blinks
                0x000000002000021e        0x1 /tmp/full_tag.elf.RQF1Wg.ltrans0.ltrans.o
 .sbss.target_short_blinks
                0x000000002000021f        0x1 /tmp/full_tag.elf.RQF1Wg.ltrans0.ltrans.o
 *(.gnu.linkonce.sb.*)
 *(.bss*)
 *(.gnu.linkonce.b.*)
 *(COMMON*)
                0x0000000020000220                . = ALIGN (0x4)
                0x0000000020000220                PROVIDE (_ebss = .)
                [!provide]                        PROVIDE (_end = _ebss)
                [!provide]                        PROVIDE (end = .)
                0x0000000020000800                PROVIDE (_eusrstack = (ORIGIN (RAM) + LENGTH (RAM)))

/DISCARD/
 *(.note .note.*)
 *(.eh_frame .eh_frame.*)
 *(.comment .comment.*)
 *(.ARM.extab* .gnu.linkonce.armextab.*)
 *(.ARM.exidx*)
OUTPUT(full_tag.elf elf32-littleriscv)

.riscv.attributes
                0x0000000000000000       0x21
 .riscv.attributes
                0x0000000000000000       0x21 /tmp/full_tag.elf.RQF1Wg.ltrans0.ltrans.o
 .riscv.attributes
                0x0000000000000021       0x1f ../ch32v003fun/ch32fun/../misc/libgcc.a(div.o)

.debug_info     0x0000000000000000     0x4b7f
 .debug_info    0x0000000000000000     0x194e /tmp/full_tag.elf.RQF1Wg.ltrans0.ltrans.o
 .debug_info    0x000000000000194e     0x1a3c /tmp/ccAGaMnf.debug.temp.o
                0x000000000000194e                ch32fun.c.60bab88f
 .debug_info    0x000000000000338a     0x11e2 /tmp/ccvVKjxg.debug.temp.o
                0x000000000000338a                full_tag.c.f4a03fa1
 .debug_info    0x000000000000456c      0x5b6 /tmp/ccagrqUe.debug.temp.o
                0x000000000000456c                lib_i2c.c.e7f16be4
 .debug_info    0x0000000000004b22       0x5d ../ch32v003fun/ch32fun/../misc/libgcc.a(div.o)

.debug_abbrev   0x0000000000000000      0x9ad
 .debug_abbrev  0x0000000000000000      0x201 /tmp/full_tag.elf.RQF1Wg.ltrans0.ltrans.o
 .debug_abbrev  0x0000000000000201      0x2f0 /tmp/ccAGaMnf.debug.temp.o
 .debug_abbrev  0x00000000000004f1      0x319 /tmp/ccvVKjxg.debug.temp.o
 .debug_abbrev  0x000000000000080a      0x17b /tmp/ccagrqUe.debug.temp.o
 .debug_abbrev  0x0000000000000985       0x28 ../ch32v003fun/ch32fun/../misc/libgcc.a(div.o)

.debug_loc      0x0000000000000000     0x2bc1
 .debug_loc     0x0000000000000000     0x2bc1 /tmp/full_tag.elf.RQF1Wg.ltrans0.ltrans.o

.debug_aranges  0x0000000000000000      0x198
 .debug_aranges
                0x0000000000000000      0x178 /tmp/full_tag.elf.RQF1Wg.ltrans0.ltrans.o
 .debug_aranges
                0x0000000000000178       0x20 ../ch32v003fun/ch32fun/../misc/libgcc.a(div.o)

.debug_ranges   0x0000000000000000      0x690
 .debug_ranges  0x0000000000000000      0x690 /tmp/full_tag.elf.RQF1Wg.ltrans0.ltrans.o

.debug_line     0x0000000000000000     0x41ce
 .debug_line    0x0000000000000000     0x3d36 /tmp/full_tag.elf.RQF1Wg.ltrans0.ltrans.o
 .debug_line    0x0000000000003d36      0x13b /tmp/ccAGaMnf.debug.temp.o
 .debug_line    0x0000000000003e71      0x156 /tmp/ccvVKjxg.debug.temp.o
 .debug_line    0x0000000000003fc7       0xb4 /tmp/ccagrqUe.debug.temp.o
 .debug_line    0x000000000000407b      0x153 ../ch32v003fun/ch32fun/../misc/libgcc.a(div.o)

.debug_str      0x0000000000000000     0x117d
 .debug_str     0x0000000000000000      0x13a /tmp/full_tag.elf.RQF1Wg.ltrans0.ltrans.o
                                        0x148 (size before relaxing)
 .debug_str     0x000000000000013a      0x9c2 /tmp/ccAGaMnf.debug.temp.o
                                        0xaf9 (size before relaxing)
 .debug_str     0x0000000000000afc      0x48d /tmp/ccvVKjxg.debug.temp.o
                                        0xb70 (size before relaxing)
 .debug_str     0x0000000000000f89      0x125 /tmp/ccagrqUe.debug.temp.o
                                        0x417 (size before relaxing)
 .debug_str     0x00000000000010ae       0xcf ../ch32v003fun/ch32fun/../misc/libgcc.a(div.o)
                                         0xd9 (size before relaxing)

.debug_frame    0x0000000000000000      0x444
 .debug_frame   0x0000000000000000      0x444 /tmp/full_tag.elf.RQF1Wg.ltrans0.ltrans.o

.debug_line_str
                0x0000000000000000       0x92
 .debug_line_str
                0x0000000000000000       0x92 ../ch32v003fun/ch32fun/../misc/libgcc.a(div.o)
